Archive member included to satisfy reference by file (symbol)

/Users/Millie/Library/Application Support/Code/User/globalStorage/vexrobotics.vexcode/sdk/cpp/V5/V5_20240802_15_00_00/vexv5/libv5rt.a(v5_startup.c.obj)
                              (vexStartup)
/Users/Millie/Library/Application Support/Code/User/globalStorage/vexrobotics.vexcode/sdk/cpp/V5/V5_20240802_15_00_00/vexv5/libv5rt.a(v5_util.c.obj)
                              /Users/Millie/Library/Application Support/Code/User/globalStorage/vexrobotics.vexcode/sdk/cpp/V5/V5_20240802_15_00_00/vexv5/libv5rt.a(v5_startup.c.obj) (vexStdlibVersionLinked)
/Users/Millie/Library/Application Support/Code/User/globalStorage/vexrobotics.vexcode/sdk/cpp/V5/V5_20240802_15_00_00/vexv5/libv5rt.a(v5_apijump.c.obj)
                              /Users/Millie/Library/Application Support/Code/User/globalStorage/vexrobotics.vexcode/sdk/cpp/V5/V5_20240802_15_00_00/vexv5/libv5rt.a(v5_startup.c.obj) (vexPrivateApiEnable)
/Users/Millie/Library/Application Support/Code/User/globalStorage/vexrobotics.vexcode/sdk/cpp/V5/V5_20240802_15_00_00/vexv5/libv5rt.a(v5_apiversions.c.obj)
                              /Users/Millie/Library/Application Support/Code/User/globalStorage/vexrobotics.vexcode/sdk/cpp/V5/V5_20240802_15_00_00/vexv5/libv5rt.a(v5_apijump.c.obj) (vexSystemVersion)
/Users/Millie/Library/Application Support/Code/User/globalStorage/vexrobotics.vexcode/sdk/cpp/V5/V5_20240802_15_00_00/vexv5/libv5rt.a(vex_global.cpp.obj)
                              build/src/main.o (vex::wait(double, vex::timeUnits))
/Users/Millie/Library/Application Support/Code/User/globalStorage/vexrobotics.vexcode/sdk/cpp/V5/V5_20240802_15_00_00/vexv5/libv5rt.a(vex_motor.cpp.obj)
                              build/src/main.o (vex::motor::~motor())
/Users/Millie/Library/Application Support/Code/User/globalStorage/vexrobotics.vexcode/sdk/cpp/V5/V5_20240802_15_00_00/vexv5/libv5rt.a(vex_imu.cpp.obj)
                              build/src/JAR-Template/drive.o (vex::inertial::setRotation(double, vex::rotationUnits))
/Users/Millie/Library/Application Support/Code/User/globalStorage/vexrobotics.vexcode/sdk/cpp/V5/V5_20240802_15_00_00/vexv5/libv5rt.a(vex_rotation.cpp.obj)
                              build/src/main.o (vex::rotation::~rotation())
/Users/Millie/Library/Application Support/Code/User/globalStorage/vexrobotics.vexcode/sdk/cpp/V5/V5_20240802_15_00_00/vexv5/libv5rt.a(vex_controller.cpp.obj)
                              build/src/robot-config.o (vex::controller::~controller())
/Users/Millie/Library/Application Support/Code/User/globalStorage/vexrobotics.vexcode/sdk/cpp/V5/V5_20240802_15_00_00/vexv5/libv5rt.a(vex_task.cpp.obj)
                              build/src/JAR-Template/drive.o (vex::task::task())
/Users/Millie/Library/Application Support/Code/User/globalStorage/vexrobotics.vexcode/sdk/cpp/V5/V5_20240802_15_00_00/vexv5/libv5rt.a(vex_thread.cpp.obj)
                              /Users/Millie/Library/Application Support/Code/User/globalStorage/vexrobotics.vexcode/sdk/cpp/V5/V5_20240802_15_00_00/vexv5/libv5rt.a(vex_global.cpp.obj) (vex::this_thread::sleep_for(unsigned long))
/Users/Millie/Library/Application Support/Code/User/globalStorage/vexrobotics.vexcode/sdk/cpp/V5/V5_20240802_15_00_00/vexv5/libv5rt.a(vex_event.cpp.obj)
                              /Users/Millie/Library/Application Support/Code/User/globalStorage/vexrobotics.vexcode/sdk/cpp/V5/V5_20240802_15_00_00/vexv5/libv5rt.a(vex_imu.cpp.obj) (vex::event::init(unsigned long, unsigned long, void (*)()))
/Users/Millie/Library/Application Support/Code/User/globalStorage/vexrobotics.vexcode/sdk/cpp/V5/V5_20240802_15_00_00/vexv5/libv5rt.a(vex_mevent.cpp.obj)
                              /Users/Millie/Library/Application Support/Code/User/globalStorage/vexrobotics.vexcode/sdk/cpp/V5/V5_20240802_15_00_00/vexv5/libv5rt.a(vex_controller.cpp.obj) (vex::mevent::mevent(unsigned long, unsigned long))
/Users/Millie/Library/Application Support/Code/User/globalStorage/vexrobotics.vexcode/sdk/cpp/V5/V5_20240802_15_00_00/vexv5/libv5rt.a(vex_brain.cpp.obj)
                              build/src/robot-config.o (vex::brain::brain())
/Users/Millie/Library/Application Support/Code/User/globalStorage/vexrobotics.vexcode/sdk/cpp/V5/V5_20240802_15_00_00/vexv5/libv5rt.a(vex_competition.cpp.obj)
                              build/src/main.o (vex::competition::competition())
/Users/Millie/Library/Application Support/Code/User/globalStorage/vexrobotics.vexcode/sdk/cpp/V5/V5_20240802_15_00_00/vexv5/libv5rt.a(vex_triport.cpp.obj)
                              build/src/main.o (vex::triport::~triport())
/Users/Millie/Library/Application Support/Code/User/globalStorage/vexrobotics.vexcode/sdk/cpp/V5/V5_20240802_15_00_00/vexv5/libv5rt.a(vex_color.cpp.obj)
[...]
Memory Configuration

Name             Origin             Length             Attributes
ps7_ddr_0_S_AXI_BASEADDR 0x0000000003800000 0x0000000004800000
*default*        0x0000000000000000 0xffffffffffffffff

Linker script and memory map

                0x0000000000002000                _STACK_SIZE = DEFINED (_STACK_SIZE)?_STACK_SIZE:0x2000
                0x0000000000100000                _HEAP_SIZE = DEFINED (_HEAP_SIZE)?_HEAP_SIZE:0x100000
                0x0000000000000400                _ABORT_STACK_SIZE = DEFINED (_ABORT_STACK_SIZE)?_ABORT_STACK_SIZE:0x400
                0x0000000000000800                _SUPERVISOR_STACK_SIZE = DEFINED (_SUPERVISOR_STACK_SIZE)?_SUPERVISOR_STACK_SIZE:0x800
                0x0000000000000400                _IRQ_STACK_SIZE = DEFINED (_IRQ_STACK_SIZE)?_IRQ_STACK_SIZE:0x400
                0x0000000000000400                _FIQ_STACK_SIZE = DEFINED (_FIQ_STACK_SIZE)?_FIQ_STACK_SIZE:0x400
                0x0000000000000400                _UNDEF_STACK_SIZE = DEFINED (_UNDEF_STACK_SIZE)?_UNDEF_STACK_SIZE:0x400

.text           0x0000000003800000     0x6868
 *(.vectors)
 *(.boot_data)
 .boot_data     0x0000000003800000       0x20 /Users/Millie/Library/Application Support/Code/User/globalStorage/vexrobotics.vexcode/sdk/cpp/V5/V5_20240802_15_00_00/vexv5/libv5rt.a(v5_startup.c.obj)
                0x0000000003800000                vexCodeSig
                0x0000000000000020                . = 0x20
 *(.boot)
 .boot          0x0000000003800020       0xbc /Users/Millie/Library/Application Support/Code/User/globalStorage/vexrobotics.vexcode/sdk/cpp/V5/V5_20240802_15_00_00/vexv5/libv5rt.a(v5_startup.c.obj)
                0x0000000003800020                vexStartup
                0x0000000003800100                . = ALIGN (0x40)
 *fill*         0x00000000038000dc       0x24 
 *(.freertos_vectors)
 *(.text)
 *(.text.*)
 .text._Z17default_constantsv
                0x0000000003800100      0x10c build/src/autons.o
                0x0000000003800100                default_constants()
 .text._Z10drive_testv
                0x000000000380020c       0x54 build/src/autons.o
                0x000000000380020c                drive_test()
 .text._Z9turn_testv
                0x0000000003800260       0x60 build/src/autons.o
                0x0000000003800260                turn_test()
 .text._Z10swing_testv
                0x00000000038002c0       0x30 build/src/autons.o
                0x00000000038002c0                swing_test()
 .text._Z9full_testv
                0x00000000038002f0       0x70 build/src/autons.o
                0x00000000038002f0                full_test()
 .text._Z9odom_testv
                0x0000000003800360      0x134 build/src/autons.o
                0x0000000003800360                odom_test()
 .text._Z14tank_odom_testv
                0x0000000003800494       0xa0 build/src/autons.o
                0x0000000003800494                tank_odom_test()
 .text._Z19holonomic_odom_testv
                0x0000000003800534       0xc0 build/src/autons.o
                0x0000000003800534                holonomic_odom_test()
 .text._ZN5DriveD2Ev
                0x00000000038005f4       0x7c build/src/main.o
                0x00000000038005f4                Drive::~Drive()
 .text._Z9pre_autonv
                0x0000000003800670      0x258 build/src/main.o
                0x0000000003800670                pre_auton()
 .text._Z10autonomousv
                0x00000000038008c8       0x68 build/src/main.o
                0x00000000038008c8                autonomous()
 .text._Z11usercontrolv
                0x0000000003800930       0x40 build/src/main.o
                0x0000000003800930                usercontrol()
 .text.main     0x0000000003800970       0x68 build/src/main.o
                0x0000000003800970                main
 .text._GLOBAL__sub_I_main.cpp
                0x00000000038009d8      0x16c build/src/main.o
 .text._Z11vexcodeInitv
                0x0000000003800b44        0x4 build/src/robot-config.o
                0x0000000003800b44                vexcodeInit()
 .text._GLOBAL__sub_I_robot_config.cpp
                0x0000000003800b48      0x1d8 build/src/robot-config.o
 .text._ZN3PIDC2Efffff
                0x0000000003800d20       0x38 build/src/JAR-Template/PID.o
                0x0000000003800d20                PID::PID(float, float, float, float, float)
                0x0000000003800d20                PID::PID(float, float, float, float, float)
 .text._ZN3PIDC2Effffffff
                0x0000000003800d58       0x50 build/src/JAR-Template/PID.o
                0x0000000003800d58                PID::PID(float, float, float, float, float, float, float, float)
                0x0000000003800d58                PID::PID(float, float, float, float, float, float, float, float)
 .text._ZN3PID7computeEf
                0x0000000003800da8       0xd0 build/src/JAR-Template/PID.o
                0x0000000003800da8                PID::compute(float)
 .text._ZN3PID10is_settledEv
                0x0000000003800e78       0x44 build/src/JAR-Template/PID.o
                0x0000000003800e78                PID::is_settled()
 *fill*         0x0000000003800ebc        0x4 
 .text._ZN5DriveC2E11drive_setupN3vex11motor_groupES2_ifffiiiiiffiff
                0x0000000003800ec0      0x268 build/src/JAR-Template/drive.o
                0x0000000003800ec0                Drive::Drive(drive_setup, vex::motor_group, vex::motor_group, int, float, float, float, int, int, int, int, int, float, float, int, float, float)
                0x0000000003800ec0                Drive::Drive(drive_setup, vex::motor_group, vex::motor_group, int, float, float, float, int, int, int, int, int, float, float, int, float, float)
 .text._ZN5Drive18drive_with_voltageEff
                0x0000000003801128       0x6c build/src/JAR-Template/drive.o
                0x0000000003801128                Drive::drive_with_voltage(float, float)
 .text._ZN5Drive18set_turn_constantsEfffff
                0x0000000003801194       0x1c build/src/JAR-Template/drive.o
                0x0000000003801194                Drive::set_turn_constants(float, float, float, float, float)
 .text._ZN5Drive19set_drive_constantsEfffff
                0x00000000038011b0       0x1c build/src/JAR-Template/drive.o
                0x00000000038011b0                Drive::set_drive_constants(float, float, float, float, float)
 .text._ZN5Drive21set_heading_constantsEfffff
                0x00000000038011cc       0x1c build/src/JAR-Template/drive.o
                0x00000000038011cc                Drive::set_heading_constants(float, float, float, float, float)
 .text._ZN5Drive19set_swing_constantsEfffff
                0x00000000038011e8       0x1c build/src/JAR-Template/drive.o
                0x00000000038011e8                Drive::set_swing_constants(float, float, float, float, float)
 .text._ZN5Drive24set_turn_exit_conditionsEfff
                0x0000000003801204        0xc build/src/JAR-Template/drive.o
                0x0000000003801204                Drive::set_turn_exit_conditions(float, float, float)
 .text._ZN5Drive25set_drive_exit_conditionsEfff
                0x0000000003801210        0xc build/src/JAR-Template/drive.o
                0x0000000003801210                Drive::set_drive_exit_conditions(float, float, float)
 .text._ZN5Drive25set_swing_exit_conditionsEfff
                0x000000000380121c        0xc build/src/JAR-Template/drive.o
                0x000000000380121c                Drive::set_swing_exit_conditions(float, float, float)
 .text._ZN5Drive20get_absolute_headingEv
                0x0000000003801228       0x48 build/src/JAR-Template/drive.o
                0x0000000003801228                Drive::get_absolute_heading()
 .text._ZN5Drive13turn_to_angleEf
                0x0000000003801270       0x50 build/src/JAR-Template/drive.o
                0x0000000003801270                Drive::turn_to_angle(float)
 .text._ZN5Drive13turn_to_angleEfffffffff
                0x00000000038012c0      0x150 build/src/JAR-Template/drive.o
                0x00000000038012c0                Drive::turn_to_angle(float, float, float, float, float, float, float, float, float)
 .text._ZN5Drive14drive_distanceEf
                0x0000000003801410       0xc8 build/src/JAR-Template/drive.o
                0x0000000003801410                Drive::drive_distance(float)
 .text._ZN5Drive14drive_distanceEfffffffffffffff
                0x00000000038014d8      0x2c0 build/src/JAR-Template/drive.o
                0x00000000038014d8                Drive::drive_distance(float, float, float, float, float, float, float, float, float, float, float, float, float, float, float)
 .text._ZN5Drive19left_swing_to_angleEf
                0x0000000003801798       0x4c build/src/JAR-Template/drive.o
                0x0000000003801798                Drive::left_swing_to_angle(float)
 *fill*         0x00000000038017e4        0x4 
 .text._ZN5Drive19left_swing_to_angleEfffffffff
                0x00000000038017e8      0x188 build/src/JAR-Template/drive.o
                0x00000000038017e8                Drive::left_swing_to_angle(float, float, float, float, float, float, float, float, float)
 .text._ZN5Drive20right_swing_to_angleEf
                0x0000000003801970       0x4c build/src/JAR-Template/drive.o
                0x0000000003801970                Drive::right_swing_to_angle(float)
 *fill*         0x00000000038019bc        0x4 
 .text._ZN5Drive20right_swing_to_angleEfffffffff
                0x00000000038019c0      0x188 build/src/JAR-Template/drive.o
                0x00000000038019c0                Drive::right_swing_to_angle(float, float, float, float, float, float, float, float, float)
 .text._ZN5Drive27get_ForwardTracker_positionEv
                0x0000000003801b48       0xa0 build/src/JAR-Template/drive.o
                0x0000000003801b48                Drive::get_ForwardTracker_position()
 .text._ZN5Drive28get_SidewaysTracker_positionEv
                0x0000000003801be8       0x88 build/src/JAR-Template/drive.o
                0x0000000003801be8                Drive::get_SidewaysTracker_position()
 .text._ZN5Drive14position_trackEv
                0x0000000003801c70       0x88 build/src/JAR-Template/drive.o
                0x0000000003801c70                Drive::position_track()
 .text._ZN5Drive15set_coordinatesEfff
                0x0000000003801cf8       0xb0 build/src/JAR-Template/drive.o
                0x0000000003801cf8                Drive::set_coordinates(float, float, float)
 .text._ZN5Drive19position_track_taskEv
                0x0000000003801da8       0x14 build/src/JAR-Template/drive.o
                0x0000000003801da8                Drive::position_track_task()
 .text._ZN5Drive14get_X_positionEv
                0x0000000003801dbc        0x8 build/src/JAR-Template/drive.o
                0x0000000003801dbc                Drive::get_X_position()
 .text._ZN5Drive14get_Y_positionEv
                0x0000000003801dc4        0x8 build/src/JAR-Template/drive.o
                0x0000000003801dc4                Drive::get_Y_position()
 .text._ZN5Drive14drive_to_pointEff
                0x0000000003801dcc       0x80 build/src/JAR-Template/drive.o
                0x0000000003801dcc                Drive::drive_to_point(float, float)
 *fill*         0x0000000003801e4c        0x4 
 .text._ZN5Drive14drive_to_pointEffffffffffffffff
                0x0000000003801e50      0x36c build/src/JAR-Template/drive.o
                0x0000000003801e50                Drive::drive_to_point(float, float, float, float, float, float, float, float, float, float, float, float, float, float, float, float)
 .text._ZN5Drive13turn_to_pointEff
                0x00000000038021bc       0x5c build/src/JAR-Template/drive.o
                0x00000000038021bc                Drive::turn_to_point(float, float)
 .text._ZN5Drive13turn_to_pointEfffffffffff
                0x0000000003802218      0x1d0 build/src/JAR-Template/drive.o
                0x0000000003802218                Drive::turn_to_point(float, float, float, float, float, float, float, float, float, float, float)
 .text._ZN5Drive23holonomic_drive_to_poseEffffffffffffffff
                0x00000000038023e8      0x488 build/src/JAR-Template/drive.o
                0x00000000038023e8                Drive::holonomic_drive_to_pose(float, float, float, float, float, float, float, float, float, float, float, float, float, float, float, float)
 .text._ZN5Drive23holonomic_drive_to_poseEfff
                0x0000000003802870       0x7c build/src/JAR-Template/drive.o
                0x0000000003802870                Drive::holonomic_drive_to_pose(float, float, float)
 .text._ZN5Drive14control_arcadeEv
                0x00000000038028ec      0x114 build/src/JAR-Template/drive.o
                0x00000000038028ec                Drive::control_arcade()
 .text._ZN4Odom22set_physical_distancesEff
                0x0000000003802a00        0x8 build/src/JAR-Template/odom.o
                0x0000000003802a00                Odom::set_physical_distances(float, float)
 .text._ZN4Odom12set_positionEfffff
                0x0000000003802a08       0x1c build/src/JAR-Template/odom.o
                0x0000000003802a08                Odom::set_position(float, float, float, float, float)
 .text._ZN4Odom15update_positionEfff
                0x0000000003802a24      0x1a4 build/src/JAR-Template/odom.o
                0x0000000003802a24                Odom::update_position(float, float, float)
 .text._Z15reduce_0_to_360f
                0x0000000003802bc8       0x7c build/src/JAR-Template/util.o
                0x0000000003802bc8                reduce_0_to_360(float)
 .text._Z26reduce_negative_180_to_180f
                0x0000000003802c44       0x90 build/src/JAR-Template/util.o
                0x0000000003802c44                reduce_negative_180_to_180(float)
 .text._Z24reduce_negative_90_to_90f
                0x0000000003802cd4       0x90 build/src/JAR-Template/util.o
                0x0000000003802cd4                reduce_negative_90_to_90(float)
 *fill*         0x0000000003802d64        0x4 
 .text._Z6to_radf
                0x0000000003802d68       0x28 build/src/JAR-Template/util.o
                0x0000000003802d68                to_rad(float)
 .text._Z6to_degf
                0x0000000003802d90       0x28 build/src/JAR-Template/util.o
                0x0000000003802d90                to_deg(float)
 .text._Z5clampfff
                0x0000000003802db8       0x2c build/src/JAR-Template/util.o
                0x0000000003802db8                clamp(float, float, float)
 .text._Z11is_reversedd
                0x0000000003802de4       0x18 build/src/JAR-Template/util.o
                0x0000000003802de4                is_reversed(double)
 *fill*         0x0000000003802dfc        0x4 
 .text._Z7to_voltf
                0x0000000003802e00       0x30 build/src/JAR-Template/util.o
                0x0000000003802e00                to_volt(float)
 .text._Z7to_porti
                0x0000000003802e30       0x10 build/src/JAR-Template/util.o
                0x0000000003802e30                to_port(int)
 .text._Z8deadbandff
                0x0000000003802e40       0x28 build/src/JAR-Template/util.o
                0x0000000003802e40                deadband(float, float)
 .text._Z15is_line_settledfffff
                0x0000000003802e68       0xa8 build/src/JAR-Template/util.o
                0x0000000003802e68                is_line_settled(float, float, float, float, float)
 .text._Z20left_voltage_scalingff
                0x0000000003802f10       0x48 build/src/JAR-Template/util.o
                0x0000000003802f10                left_voltage_scaling(float, float)
 .text._Z21right_voltage_scalingff
                0x0000000003802f58       0x48 build/src/JAR-Template/util.o
                0x0000000003802f58                right_voltage_scaling(float, float)
 .text._Z17clamp_min_voltageff
                0x0000000003802fa0       0x4c build/src/JAR-Template/util.o
                0x0000000003802fa0                clamp_min_voltage(float, float)
 .text.vexMain  0x0000000003802fec       0xb0 /Users/Millie/Library/Application Support/Code/User/globalStorage/vexrobotics.vexcode/sdk/cpp/V5/V5_20240802_15_00_00/vexv5/libv5rt.a(v5_startup.c.obj)
                0x0000000003802fec                vexMain
 .text.__vex_function_prolog
                0x000000000380309c       0x18 /Users/Millie/Library/Application Support/Code/User/globalStorage/vexrobotics.vexcode/sdk/cpp/V5/V5_20240802_15_00_00/vexv5/libv5rt.a(v5_startup.c.obj)
                0x000000000380309c                __vex_function_prolog
 .text._init    0x00000000038030b4        0x4 /Users/Millie/Library/Application Support/Code/User/globalStorage/vexrobotics.vexcode/sdk/cpp/V5/V5_20240802_15_00_00/vexv5/libv5rt.a(v5_startup.c.obj)
                0x00000000038030b4                _init
 .text._fini    0x00000000038030b8        0x4 /Users/Millie/Library/Application Support/Code/User/globalStorage/vexrobotics.vexcode/sdk/cpp/V5/V5_20240802_15_00_00/vexv5/libv5rt.a(v5_startup.c.obj)
                0x00000000038030b8                _fini
 .text.vexStdlibVersionLinked
                0x00000000038030bc        0xc /Users/Millie/Library/Application Support/Code/User/globalStorage/vexrobotics.vexcode/sdk/cpp/V5/V5_20240802_15_00_00/vexv5/libv5rt.a(v5_util.c.obj)
                0x00000000038030bc                vexStdlibVersionLinked
 .text.vexStdlibVersionVerify
                0x00000000038030c8       0x30 /Users/Millie/Library/Application Support/Code/User/globalStorage/vexrobotics.vexcode/sdk/cpp/V5/V5_20240802_15_00_00/vexv5/libv5rt.a(v5_util.c.obj)
                0x00000000038030c8                vexStdlibVersionVerify
 .text.vexPrivateApiEnable
                0x00000000038030f8       0x10 /Users/Millie/Library/Application Support/Code/User/globalStorage/vexrobotics.vexcode/sdk/cpp/V5/V5_20240802_15_00_00/vexv5/libv5rt.a(v5_apijump.c.obj)
                0x00000000038030f8                vexPrivateApiEnable
 .text.vexStdlibMismatchError
                0x0000000003803108       0x3c /Users/Millie/Library/Application Support/Code/User/globalStorage/vexrobotics.vexcode/sdk/cpp/V5/V5_20240802_15_00_00/vexv5/libv5rt.a(v5_apijump.c.obj)
                0x0000000003803108                vexStdlibMismatchError
 .text.vexTaskAdd
                0x0000000003803144       0x10 /Users/Millie/Library/Application Support/Code/User/globalStorage/vexrobotics.vexcode/sdk/cpp/V5/V5_20240802_15_00_00/vexv5/libv5rt.a(v5_apijump.c.obj)
                0x0000000003803144                vexTaskAdd
 .text.vexTasksRun
                0x0000000003803154       0x10 /Users/Millie/Library/Application Support/Code/User/globalStorage/vexrobotics.vexcode/sdk/cpp/V5/V5_20240802_15_00_00/vexv5/libv5rt.a(v5_apijump.c.obj)
                0x0000000003803154                vexTasksRun
 .text.vexTaskYield
                0x0000000003803164       0x10 /Users/Millie/Library/Application Support/Code/User/globalStorage/vexrobotics.vexcode/sdk/cpp/V5/V5_20240802_15_00_00/vexv5/libv5rt.a(v5_apijump.c.obj)
                0x0000000003803164                vexTaskYield
 .text.vexTaskCheckTimeslice
                0x0000000003803174       0x10 /Users/Millie/Library/Application Support/Code/User/globalStorage/vexrobotics.vexcode/sdk/cpp/V5/V5_20240802_15_00_00/vexv5/libv5rt.a(v5_apijump.c.obj)
                0x0000000003803174                vexTaskCheckTimeslice
 .text.vexTaskGetIndex
                0x0000000003803184       0x10 /Users/Millie/Library/Application Support/Code/User/globalStorage/vexrobotics.vexcode/sdk/cpp/V5/V5_20240802_15_00_00/vexv5/libv5rt.a(v5_apijump.c.obj)
                0x0000000003803184                vexTaskGetIndex
 .text.vexTaskSleep
                0x0000000003803194       0x10 /Users/Millie/Library/Application Support/Code/User/globalStorage/vexrobotics.vexcode/sdk/cpp/V5/V5_20240802_15_00_00/vexv5/libv5rt.a(v5_apijump.c.obj)
                0x0000000003803194                vexTaskSleep
 .text.vexTasksDump
                0x00000000038031a4       0x1c /Users/Millie/Library/Application Support/Code/User/globalStorage/vexrobotics.vexcode/sdk/cpp/V5/V5_20240802_15_00_00/vexv5/libv5rt.a(v5_apijump.c.obj)
                0x00000000038031a4                vexTasksDump
 .text.vexTaskGetTaskIndex
                0x00000000038031c0       0x10 /Users/Millie/Library/Application Support/Code/User/globalStorage/vexrobotics.vexcode/sdk/cpp/V5/V5_20240802_15_00_00/vexv5/libv5rt.a(v5_apijump.c.obj)
                0x00000000038031c0                vexTaskGetTaskIndex
 .text.vexTaskStopAll
                0x00000000038031d0       0x10 /Users/Millie/Library/Application Support/Code/User/globalStorage/vexrobotics.vexcode/sdk/cpp/V5/V5_20240802_15_00_00/vexv5/libv5rt.a(v5_apijump.c.obj)
                0x00000000038031d0                vexTaskStopAll
 .text.vexTaskRemoveAllUser
                0x00000000038031e0       0x34 /Users/Millie/Library/Application Support/Code/User/globalStorage/vexrobotics.vexcode/sdk/cpp/V5/V5_20240802_15_00_00/vexv5/libv5rt.a(v5_apijump.c.obj)
                0x00000000038031e0                vexTaskRemoveAllUser
 .text.vexTaskCompletionIdSet
                0x0000000003803214       0x10 /Users/Millie/Library/Application Support/Code/User/globalStorage/vexrobotics.vexcode/sdk/cpp/V5/V5_20240802_15_00_00/vexv5/libv5rt.a(v5_apijump.c.obj)
                0x0000000003803214                vexTaskCompletionIdSet
 .text.vexTaskStopWithId
                0x0000000003803224       0x10 /Users/Millie/Library/Application Support/Code/User/globalStorage/vexrobotics.vexcode/sdk/cpp/V5/V5_20240802_15_00_00/vexv5/libv5rt.a(v5_apijump.c.obj)
                0x0000000003803224                vexTaskStopWithId
 .text.vexTaskGetCallbackAndId
                0x0000000003803234       0x54 /Users/Millie/Library/Application Support/Code/User/globalStorage/vexrobotics.vexcode/sdk/cpp/V5/V5_20240802_15_00_00/vexv5/libv5rt.a(v5_apijump.c.obj)
                0x0000000003803234                vexTaskGetCallbackAndId
 .text.vexCriticalSection
                0x0000000003803288       0x2c /Users/Millie/Library/Application Support/Code/User/globalStorage/vexrobotics.vexcode/sdk/cpp/V5/V5_20240802_15_00_00/vexv5/libv5rt.a(v5_apijump.c.obj)
                0x0000000003803288                vexCriticalSection
 .text.vexEventAdd
                0x00000000038032b4       0x34 /Users/Millie/Library/Application Support/Code/User/globalStorage/vexrobotics.vexcode/sdk/cpp/V5/V5_20240802_15_00_00/vexv5/libv5rt.a(v5_apijump.c.obj)
                0x00000000038032b4                vexEventAdd
 .text.vexEventUserIndexGet
                0x00000000038032e8       0x1c /Users/Millie/Library/Application Support/Code/User/globalStorage/vexrobotics.vexcode/sdk/cpp/V5/V5_20240802_15_00_00/vexv5/libv5rt.a(v5_apijump.c.obj)
                0x00000000038032e8                vexEventUserIndexGet
 .text.vexEventAddWithArg
                0x0000000003803304       0x3c /Users/Millie/Library/Application Support/Code/User/globalStorage/vexrobotics.vexcode/sdk/cpp/V5/V5_20240802_15_00_00/vexv5/libv5rt.a(v5_apijump.c.obj)
                0x0000000003803304                vexEventAddWithArg
 .text.vexEventsCleanup
                0x0000000003803340       0x2c /Users/Millie/Library/Application Support/Code/User/globalStorage/vexrobotics.vexcode/sdk/cpp/V5/V5_20240802_15_00_00/vexv5/libv5rt.a(v5_apijump.c.obj)
                0x0000000003803340                vexEventsCleanup
 .text.vexDebug
                0x000000000380336c       0x38 /Users/Millie/Library/Application Support/Code/User/globalStorage/vexrobotics.vexcode/sdk/cpp/V5/V5_20240802_15_00_00/vexv5/libv5rt.a(v5_apijump.c.obj)
                0x000000000380336c                vexDebug
 .text.vex_sprintf
                0x00000000038033a4       0x40 /Users/Millie/Library/Application Support/Code/User/globalStorage/vexrobotics.vexcode/sdk/cpp/V5/V5_20240802_15_00_00/vexv5/libv5rt.a(v5_apijump.c.obj)
                0x00000000038033a4                vex_sprintf
 .text.vexSystemTimeGet
                0x00000000038033e4       0x1c /Users/Millie/Library/Application Support/Code/User/globalStorage/vexrobotics.vexcode/sdk/cpp/V5/V5_20240802_15_00_00/vexv5/libv5rt.a(v5_apijump.c.obj)
                0x00000000038033e4                vexSystemTimeGet
 .text.vexSystemExitRequest
                0x0000000003803400       0x1c /Users/Millie/Library/Application Support/Code/User/globalStorage/vexrobotics.vexcode/sdk/cpp/V5/V5_20240802_15_00_00/vexv5/libv5rt.a(v5_apijump.c.obj)
                0x0000000003803400                vexSystemExitRequest
 .text.vexDeviceGetByIndex
                0x000000000380341c       0x24 /Users/Millie/Library/Application Support/Code/User/globalStorage/vexrobotics.vexcode/sdk/cpp/V5/V5_20240802_15_00_00/vexv5/libv5rt.a(v5_apijump.c.obj)
                0x000000000380341c                vexDeviceGetByIndex
 .text.vexControllerGet
                0x0000000003803440       0x2c /Users/Millie/Library/Application Support/Code/User/globalStorage/vexrobotics.vexcode/sdk/cpp/V5/V5_20240802_15_00_00/vexv5/libv5rt.a(v5_apijump.c.obj)
                0x0000000003803440                vexControllerGet
 .text.vexDeviceAdiPortConfigSet
                0x000000000380346c       0x34 /Users/Millie/Library/Application Support/Code/User/globalStorage/vexrobotics.vexcode/sdk/cpp/V5/V5_20240802_15_00_00/vexv5/libv5rt.a(v5_apijump.c.obj)
                0x000000000380346c                vexDeviceAdiPortConfigSet
 .text.vexDeviceAdiPortConfigGet
                0x00000000038034a0       0x2c /Users/Millie/Library/Application Support/Code/User/globalStorage/vexrobotics.vexcode/sdk/cpp/V5/V5_20240802_15_00_00/vexv5/libv5rt.a(v5_apijump.c.obj)
                0x00000000038034a0                vexDeviceAdiPortConfigGet
 .text.vexDeviceAdiValueGet
                0x00000000038034cc       0x2c /Users/Millie/Library/Application Support/Code/User/globalStorage/vexrobotics.vexcode/sdk/cpp/V5/V5_20240802_15_00_00/vexv5/libv5rt.a(v5_apijump.c.obj)
                0x00000000038034cc                vexDeviceAdiValueGet
 .text.vexDeviceMotorVelocitySet
                0x00000000038034f8       0x2c /Users/Millie/Library/Application Support/Code/User/globalStorage/vexrobotics.vexcode/sdk/cpp/V5/V5_20240802_15_00_00/vexv5/libv5rt.a(v5_apijump.c.obj)
                0x00000000038034f8                vexDeviceMotorVelocitySet
 .text.vexDeviceMotorVoltageSet
                0x0000000003803524       0x2c /Users/Millie/Library/Application Support/Code/User/globalStorage/vexrobotics.vexcode/sdk/cpp/V5/V5_20240802_15_00_00/vexv5/libv5rt.a(v5_apijump.c.obj)
                0x0000000003803524                vexDeviceMotorVoltageSet
 .text.vexDeviceMotorVelocityGet
                0x0000000003803550       0x24 /Users/Millie/Library/Application Support/Code/User/globalStorage/vexrobotics.vexcode/sdk/cpp/V5/V5_20240802_15_00_00/vexv5/libv5rt.a(v5_apijump.c.obj)
                0x0000000003803550                vexDeviceMotorVelocityGet
 .text.vexDeviceMotorActualVelocityGet
                0x0000000003803574       0x24 /Users/Millie/Library/Application Support/Code/User/globalStorage/vexrobotics.vexcode/sdk/cpp/V5/V5_20240802_15_00_00/vexv5/libv5rt.a(v5_apijump.c.obj)
                0x0000000003803574                vexDeviceMotorActualVelocityGet
 .text.vexDeviceMotorModeGet
                0x0000000003803598       0x24 /Users/Millie/Library/Application Support/Code/User/globalStorage/vexrobotics.vexcode/sdk/cpp/V5/V5_20240802_15_00_00/vexv5/libv5rt.a(v5_apijump.c.obj)
                0x0000000003803598                vexDeviceMotorModeGet
 .text.vexDeviceMotorZeroPositionFlagGet
                0x00000000038035bc       0x24 /Users/Millie/Library/Application Support/Code/User/globalStorage/vexrobotics.vexcode/sdk/cpp/V5/V5_20240802_15_00_00/vexv5/libv5rt.a(v5_apijump.c.obj)
                0x00000000038035bc                vexDeviceMotorZeroPositionFlagGet
 .text.vexDeviceMotorReverseFlagSet
                0x00000000038035e0       0x2c /Users/Millie/Library/Application Support/Code/User/globalStorage/vexrobotics.vexcode/sdk/cpp/V5/V5_20240802_15_00_00/vexv5/libv5rt.a(v5_apijump.c.obj)
                0x00000000038035e0                vexDeviceMotorReverseFlagSet
 .text.vexDeviceMotorEncoderUnitsSet
                0x000000000380360c       0x2c /Users/Millie/Library/Application Support/Code/User/globalStorage/vexrobotics.vexcode/sdk/cpp/V5/V5_20240802_15_00_00/vexv5/libv5rt.a(v5_apijump.c.obj)
                0x000000000380360c                vexDeviceMotorEncoderUnitsSet
 .text.vexDeviceMotorBrakeModeSet
                0x0000000003803638       0x2c /Users/Millie/Library/Application Support/Code/User/globalStorage/vexrobotics.vexcode/sdk/cpp/V5/V5_20240802_15_00_00/vexv5/libv5rt.a(v5_apijump.c.obj)
                0x0000000003803638                vexDeviceMotorBrakeModeSet
 .text.vexDeviceMotorPositionSet
                0x0000000003803664       0x34 /Users/Millie/Library/Application Support/Code/User/globalStorage/vexrobotics.vexcode/sdk/cpp/V5/V5_20240802_15_00_00/vexv5/libv5rt.a(v5_apijump.c.obj)
                0x0000000003803664                vexDeviceMotorPositionSet
 .text.vexDeviceMotorPositionGet
                0x0000000003803698       0x24 /Users/Millie/Library/Application Support/Code/User/globalStorage/vexrobotics.vexcode/sdk/cpp/V5/V5_20240802_15_00_00/vexv5/libv5rt.a(v5_apijump.c.obj)
                0x0000000003803698                vexDeviceMotorPositionGet
 .text.vexDeviceMotorRelativeTargetSet
                0x00000000038036bc       0x3c /Users/Millie/Library/Application Support/Code/User/globalStorage/vexrobotics.vexcode/sdk/cpp/V5/V5_20240802_15_00_00/vexv5/libv5rt.a(v5_apijump.c.obj)
                0x00000000038036bc                vexDeviceMotorRelativeTargetSet
 .text.vexDeviceMotorGearingSet
                0x00000000038036f8       0x2c /Users/Millie/Library/Application Support/Code/User/globalStorage/vexrobotics.vexcode/sdk/cpp/V5/V5_20240802_15_00_00/vexv5/libv5rt.a(v5_apijump.c.obj)
                0x00000000038036f8                vexDeviceMotorGearingSet
 .text.vexDeviceMotorGearingGet
                0x0000000003803724       0x24 /Users/Millie/Library/Application Support/Code/User/globalStorage/vexrobotics.vexcode/sdk/cpp/V5/V5_20240802_15_00_00/vexv5/libv5rt.a(v5_apijump.c.obj)
                0x0000000003803724                vexDeviceMotorGearingGet
 .text.vexDeviceImuReset
                0x0000000003803748       0x24 /Users/Millie/Library/Application Support/Code/User/globalStorage/vexrobotics.vexcode/sdk/cpp/V5/V5_20240802_15_00_00/vexv5/libv5rt.a(v5_apijump.c.obj)
                0x0000000003803748                vexDeviceImuReset
 .text.vexDeviceImuHeadingGet
                0x000000000380376c       0x24 /Users/Millie/Library/Application Support/Code/User/globalStorage/vexrobotics.vexcode/sdk/cpp/V5/V5_20240802_15_00_00/vexv5/libv5rt.a(v5_apijump.c.obj)
                0x000000000380376c                vexDeviceImuHeadingGet
 .text.vexDeviceImuDegreesGet
                0x0000000003803790       0x24 /Users/Millie/Library/Application Support/Code/User/globalStorage/vexrobotics.vexcode/sdk/cpp/V5/V5_20240802_15_00_00/vexv5/libv5rt.a(v5_apijump.c.obj)
                0x0000000003803790                vexDeviceImuDegreesGet
 .text.vexDeviceImuStatusGet
                0x00000000038037b4       0x24 /Users/Millie/Library/Application Support/Code/User/globalStorage/vexrobotics.vexcode/sdk/cpp/V5/V5_20240802_15_00_00/vexv5/libv5rt.a(v5_apijump.c.obj)
                0x00000000038037b4                vexDeviceImuStatusGet
 .text.vexDeviceAbsEncPositionGet
                0x00000000038037d8       0x24 /Users/Millie/Library/Application Support/Code/User/globalStorage/vexrobotics.vexcode/sdk/cpp/V5/V5_20240802_15_00_00/vexv5/libv5rt.a(v5_apijump.c.obj)
                0x00000000038037d8                vexDeviceAbsEncPositionGet
 .text.vexDeviceAbsEncAngleGet
                0x00000000038037fc       0x24 /Users/Millie/Library/Application Support/Code/User/globalStorage/vexrobotics.vexcode/sdk/cpp/V5/V5_20240802_15_00_00/vexv5/libv5rt.a(v5_apijump.c.obj)
                0x00000000038037fc                vexDeviceAbsEncAngleGet
 .text.vexDeviceAbsEncReverseFlagSet
                0x0000000003803820       0x2c /Users/Millie/Library/Application Support/Code/User/globalStorage/vexrobotics.vexcode/sdk/cpp/V5/V5_20240802_15_00_00/vexv5/libv5rt.a(v5_apijump.c.obj)
                0x0000000003803820                vexDeviceAbsEncReverseFlagSet
 .text.vexDisplayForegroundColor
                0x000000000380384c       0x24 /Users/Millie/Library/Application Support/Code/User/globalStorage/vexrobotics.vexcode/sdk/cpp/V5/V5_20240802_15_00_00/vexv5/libv5rt.a(v5_apijump.c.obj)
                0x000000000380384c                vexDisplayForegroundColor
 .text.vexDisplayBackgroundColor
                0x0000000003803870       0x24 /Users/Millie/Library/Application Support/Code/User/globalStorage/vexrobotics.vexcode/sdk/cpp/V5/V5_20240802_15_00_00/vexv5/libv5rt.a(v5_apijump.c.obj)
                0x0000000003803870                vexDisplayBackgroundColor
 .text.vexDisplayBackgroundColorGet
                0x0000000003803894       0x1c /Users/Millie/Library/Application Support/Code/User/globalStorage/vexrobotics.vexcode/sdk/cpp/V5/V5_20240802_15_00_00/vexv5/libv5rt.a(v5_apijump.c.obj)
                0x0000000003803894                vexDisplayBackgroundColorGet
 .text.vexDisplayRectClear
                0x00000000038038b0       0x4c /Users/Millie/Library/Application Support/Code/User/globalStorage/vexrobotics.vexcode/sdk/cpp/V5/V5_20240802_15_00_00/vexv5/libv5rt.a(v5_apijump.c.obj)
                0x00000000038038b0                vexDisplayRectClear
 .text.vexDisplayVPrintf
                0x00000000038038fc       0x50 /Users/Millie/Library/Application Support/Code/User/globalStorage/vexrobotics.vexcode/sdk/cpp/V5/V5_20240802_15_00_00/vexv5/libv5rt.a(v5_apijump.c.obj)
                0x00000000038038fc                vexDisplayVPrintf
 .text.vexDisplayTextReference
                0x000000000380394c       0x24 /Users/Millie/Library/Application Support/Code/User/globalStorage/vexrobotics.vexcode/sdk/cpp/V5/V5_20240802_15_00_00/vexv5/libv5rt.a(v5_apijump.c.obj)
                0x000000000380394c                vexDisplayTextReference
 .text.vexDisplayTextSize
                0x0000000003803970       0x2c /Users/Millie/Library/Application Support/Code/User/globalStorage/vexrobotics.vexcode/sdk/cpp/V5/V5_20240802_15_00_00/vexv5/libv5rt.a(v5_apijump.c.obj)
                0x0000000003803970                vexDisplayTextSize
 .text.vexDisplayFontNamedSet
                0x000000000380399c       0x24 /Users/Millie/Library/Application Support/Code/User/globalStorage/vexrobotics.vexcode/sdk/cpp/V5/V5_20240802_15_00_00/vexv5/libv5rt.a(v5_apijump.c.obj)
                0x000000000380399c                vexDisplayFontNamedSet
 .text.vexSystemStdlibImpureDataAddr
                0x00000000038039c0       0x28 /Users/Millie/Library/Application Support/Code/User/globalStorage/vexrobotics.vexcode/sdk/cpp/V5/V5_20240802_15_00_00/vexv5/libv5rt.a(v5_apijump.c.obj)
                0x00000000038039c0                vexSystemStdlibImpureDataAddr
 .text.vexSystemStdlibImpureDataSize
                0x00000000038039e8       0x28 /Users/Millie/Library/Application Support/Code/User/globalStorage/vexrobotics.vexcode/sdk/cpp/V5/V5_20240802_15_00_00/vexv5/libv5rt.a(v5_apijump.c.obj)
                0x00000000038039e8                vexSystemStdlibImpureDataSize
 .text.vexSystemSaveUserData
                0x0000000003803a10       0x3c /Users/Millie/Library/Application Support/Code/User/globalStorage/vexrobotics.vexcode/sdk/cpp/V5/V5_20240802_15_00_00/vexv5/libv5rt.a(v5_apijump.c.obj)
                0x0000000003803a10                vexSystemSaveUserData
 .text.vexTouchDataGet
                0x0000000003803a4c       0x10 /Users/Millie/Library/Application Support/Code/User/globalStorage/vexrobotics.vexcode/sdk/cpp/V5/V5_20240802_15_00_00/vexv5/libv5rt.a(v5_apijump.c.obj)
                0x0000000003803a4c                vexTouchDataGet
 .text.vexDisplayThemeIdGet
                0x0000000003803a5c       0x38 /Users/Millie/Library/Application Support/Code/User/globalStorage/vexrobotics.vexcode/sdk/cpp/V5/V5_20240802_15_00_00/vexv5/libv5rt.a(v5_apijump.c.obj)
                0x0000000003803a5c                vexDisplayThemeIdGet
 .text.vexBatteryCapacityGet
                0x0000000003803a94       0x1c /Users/Millie/Library/Application Support/Code/User/globalStorage/vexrobotics.vexcode/sdk/cpp/V5/V5_20240802_15_00_00/vexv5/libv5rt.a(v5_apijump.c.obj)
                0x0000000003803a94                vexBatteryCapacityGet
 .text.vexDeviceEventMaskSet
                0x0000000003803ab0       0x48 /Users/Millie/Library/Application Support/Code/User/globalStorage/vexrobotics.vexcode/sdk/cpp/V5/V5_20240802_15_00_00/vexv5/libv5rt.a(v5_apijump.c.obj)
                0x0000000003803ab0                vexDeviceEventMaskSet
 .text.vexDeviceEventMaskGet
                0x0000000003803af8       0x3c /Users/Millie/Library/Application Support/Code/User/globalStorage/vexrobotics.vexcode/sdk/cpp/V5/V5_20240802_15_00_00/vexv5/libv5rt.a(v5_apijump.c.obj)
                0x0000000003803af8                vexDeviceEventMaskGet
 .text.vexSystemVersion
                0x0000000003803b34       0x10 /Users/Millie/Library/Application Support/Code/User/globalStorage/vexrobotics.vexcode/sdk/cpp/V5/V5_20240802_15_00_00/vexv5/libv5rt.a(v5_apiversions.c.obj)
                0x0000000003803b34                vexSystemVersion
 .text.vexStdlibVersion
                0x0000000003803b44       0x10 /Users/Millie/Library/Application Support/Code/User/globalStorage/vexrobotics.vexcode/sdk/cpp/V5/V5_20240802_15_00_00/vexv5/libv5rt.a(v5_apiversions.c.obj)
                0x0000000003803b44                vexStdlibVersion
 *fill*         0x0000000003803b54        0x4 
 .text._ZN3vex4waitEdNS_9timeUnitsE
                0x0000000003803b58       0x30 /Users/Millie/Library/Application Support/Code/User/globalStorage/vexrobotics.vexcode/sdk/cpp/V5/V5_20240802_15_00_00/vexv5/libv5rt.a(vex_global.cpp.obj)
                0x0000000003803b58                vex::wait(double, vex::timeUnits)
 .text._ZN3vex5motorD2Ev
                0x0000000003803b88       0x20 /Users/Millie/Library/Application Support/Code/User/globalStorage/vexrobotics.vexcode/sdk/cpp/V5/V5_20240802_15_00_00/vexv5/libv5rt.a(vex_motor.cpp.obj)
                0x0000000003803b88                vex::motor::~motor()
                0x0000000003803b88                vex::motor::~motor()
 .text._ZN3vex5motorD0Ev
                0x0000000003803ba8       0x1c /Users/Millie/Library/Application Support/Code/User/globalStorage/vexrobotics.vexcode/sdk/cpp/V5/V5_20240802_15_00_00/vexv5/libv5rt.a(vex_motor.cpp.obj)
                0x0000000003803ba8                vex::motor::~motor()
 .text._ZN3vex5motor9installedEv
                0x0000000003803bc4       0x18 /Users/Millie/Library/Application Support/Code/User/globalStorage/vexrobotics.vexcode/sdk/cpp/V5/V5_20240802_15_00_00/vexv5/libv5rt.a(vex_motor.cpp.obj)
                0x0000000003803bc4                vex::motor::installed()
 .text._ZN3vex5motor15defaultStoppingENS_9brakeTypeE
                0x0000000003803bdc       0x30 /Users/Millie/Library/Application Support/Code/User/globalStorage/vexrobotics.vexcode/sdk/cpp/V5/V5_20240802_15_00_00/vexv5/libv5rt.a(vex_motor.cpp.obj)
                0x0000000003803bdc                vex::motor::defaultStopping(vex::brakeType)
 .text._ZN3vex5motorC2El
                0x0000000003803c0c       0x78 /Users/Millie/Library/Application Support/Code/User/globalStorage/vexrobotics.vexcode/sdk/cpp/V5/V5_20240802_15_00_00/vexv5/libv5rt.a(vex_motor.cpp.obj)
                0x0000000003803c0c                vex::motor::motor(long)
                0x0000000003803c0c                vex::motor::motor(long)
 .text._ZN3vex5motorC2ElNS_11gearSettingEb
                0x0000000003803c84       0x34 /Users/Millie/Library/Application Support/Code/User/globalStorage/vexrobotics.vexcode/sdk/cpp/V5/V5_20240802_15_00_00/vexv5/libv5rt.a(vex_motor.cpp.obj)
                0x0000000003803c84                vex::motor::motor(long, vex::gearSetting, bool)
                0x0000000003803c84                vex::motor::motor(long, vex::gearSetting, bool)
 .text._ZN3vex5motorC2Elb
                0x0000000003803cb8       0x24 /Users/Millie/Library/Application Support/Code/User/globalStorage/vexrobotics.vexcode/sdk/cpp/V5/V5_20240802_15_00_00/vexv5/libv5rt.a(vex_motor.cpp.obj)
                0x0000000003803cb8                vex::motor::motor(long, bool)
                0x0000000003803cb8                vex::motor::motor(long, bool)
 *fill*         0x0000000003803cdc        0x4 
 .text._ZN3vex5motor4spinENS_13directionTypeEdNS_12voltageUnitsE
                0x0000000003803ce0       0x50 /Users/Millie/Library/Application Support/Code/User/globalStorage/vexrobotics.vexcode/sdk/cpp/V5/V5_20240802_15_00_00/vexv5/libv5rt.a(vex_motor.cpp.obj)
                0x0000000003803ce0                vex::motor::spin(vex::directionType, double, vex::voltageUnits)
 .text._ZN3vex5motor14isSpinningModeEv
                0x0000000003803d30       0x48 /Users/Millie/Library/Application Support/Code/User/globalStorage/vexrobotics.vexcode/sdk/cpp/V5/V5_20240802_15_00_00/vexv5/libv5rt.a(vex_motor.cpp.obj)
                0x0000000003803d30                vex::motor::isSpinningMode()
 .text._ZN3vex5motor10isSpinningEv
                0x0000000003803d78       0x44 /Users/Millie/Library/Application Support/Code/User/globalStorage/vexrobotics.vexcode/sdk/cpp/V5/V5_20240802_15_00_00/vexv5/libv5rt.a(vex_motor.cpp.obj)
                0x0000000003803d78                vex::motor::isSpinning()
 .text._ZN3vex5motor4stopENS_9brakeTypeE
                0x0000000003803dbc       0x30 /Users/Millie/Library/Application Support/Code/User/globalStorage/vexrobotics.vexcode/sdk/cpp/V5/V5_20240802_15_00_00/vexv5/libv5rt.a(vex_motor.cpp.obj)
                0x0000000003803dbc                vex::motor::stop(vex::brakeType)
 .text._ZN3vex5motor4stopEv
                0x0000000003803dec        0x8 /Users/Millie/Library/Application Support/Code/User/globalStorage/vexrobotics.vexcode/sdk/cpp/V5/V5_20240802_15_00_00/vexv5/libv5rt.a(vex_motor.cpp.obj)
                0x0000000003803dec                vex::motor::stop()
 .text._ZN3vex5motor16velocityToScaledEdNS_13velocityUnitsE
                0x0000000003803df4       0x5c /Users/Millie/Library/Application Support/Code/User/globalStorage/vexrobotics.vexcode/sdk/cpp/V5/V5_20240802_15_00_00/vexv5/libv5rt.a(vex_motor.cpp.obj)
                0x0000000003803df4                vex::motor::velocityToScaled(double, vex::velocityUnits)
 .text._ZN3vex5motor8velocityENS_13velocityUnitsE
                0x0000000003803e50       0x30 /Users/Millie/Library/Application Support/Code/User/globalStorage/vexrobotics.vexcode/sdk/cpp/V5/V5_20240802_15_00_00/vexv5/libv5rt.a(vex_motor.cpp.obj)
                0x0000000003803e50                vex::motor::velocity(vex::velocityUnits)
 .text._ZN3vex5motor5valueEv
                0x0000000003803e80       0x1c /Users/Millie/Library/Application Support/Code/User/globalStorage/vexrobotics.vexcode/sdk/cpp/V5/V5_20240802_15_00_00/vexv5/libv5rt.a(vex_motor.cpp.obj)
                0x0000000003803e80                vex::motor::value()
 .text._ZN3vex5motor16scaledToVelocityEdNS_13velocityUnitsE
                0x0000000003803e9c       0xa4 /Users/Millie/Library/Application Support/Code/User/globalStorage/vexrobotics.vexcode/sdk/cpp/V5/V5_20240802_15_00_00/vexv5/libv5rt.a(vex_motor.cpp.obj)
                0x0000000003803e9c                vex::motor::scaledToVelocity(double, vex::velocityUnits)
 .text._ZN3vex5motor4spinENS_13directionTypeEdNS_13velocityUnitsE
                0x0000000003803f40       0x5c /Users/Millie/Library/Application Support/Code/User/globalStorage/vexrobotics.vexcode/sdk/cpp/V5/V5_20240802_15_00_00/vexv5/libv5rt.a(vex_motor.cpp.obj)
                0x0000000003803f40                vex::motor::spin(vex::directionType, double, vex::velocityUnits)
 .text._ZN3vex5motor11setVelocityEdNS_13velocityUnitsE
                0x0000000003803f9c       0x54 /Users/Millie/Library/Application Support/Code/User/globalStorage/vexrobotics.vexcode/sdk/cpp/V5/V5_20240802_15_00_00/vexv5/libv5rt.a(vex_motor.cpp.obj)
                0x0000000003803f9c                vex::motor::setVelocity(double, vex::velocityUnits)
 .text._ZN3vex5motor16setRotationUnitsENS_13rotationUnitsE
                0x0000000003803ff0       0x1c /Users/Millie/Library/Application Support/Code/User/globalStorage/vexrobotics.vexcode/sdk/cpp/V5/V5_20240802_15_00_00/vexv5/libv5rt.a(vex_motor.cpp.obj)
                0x0000000003803ff0                vex::motor::setRotationUnits(vex::rotationUnits)
 .text._ZN3vex5motor7spinForEdNS_13rotationUnitsEdNS_13velocityUnitsEb
                0x000000000380400c       0xf4 /Users/Millie/Library/Application Support/Code/User/globalStorage/vexrobotics.vexcode/sdk/cpp/V5/V5_20240802_15_00_00/vexv5/libv5rt.a(vex_motor.cpp.obj)
                0x000000000380400c                vex::motor::spinFor(double, vex::rotationUnits, double, vex::velocityUnits, bool)
 .text._ZN3vex5motor7spinForENS_13directionTypeEdNS_13rotationUnitsEdNS_13velocityUnitsEb
                0x0000000003804100       0x34 /Users/Millie/Library/Application Support/Code/User/globalStorage/vexrobotics.vexcode/sdk/cpp/V5/V5_20240802_15_00_00/vexv5/libv5rt.a(vex_motor.cpp.obj)
                0x0000000003804100                vex::motor::spinFor(vex::directionType, double, vex::rotationUnits, double, vex::velocityUnits, bool)
 .text._ZN3vex5motor7spinForENS_13directionTypeEdNS_13rotationUnitsEb
                0x0000000003804134       0x3c /Users/Millie/Library/Application Support/Code/User/globalStorage/vexrobotics.vexcode/sdk/cpp/V5/V5_20240802_15_00_00/vexv5/libv5rt.a(vex_motor.cpp.obj)
                0x0000000003804134                vex::motor::spinFor(vex::directionType, double, vex::rotationUnits, bool)
 .text._ZN3vex5motor8positionENS_13rotationUnitsE
                0x0000000003804170       0x44 /Users/Millie/Library/Application Support/Code/User/globalStorage/vexrobotics.vexcode/sdk/cpp/V5/V5_20240802_15_00_00/vexv5/libv5rt.a(vex_motor.cpp.obj)
                0x0000000003804170                vex::motor::position(vex::rotationUnits)
 .text._ZN3vex8inertial11getTurnTypeEv
                0x00000000038041b4        0x8 /Users/Millie/Library/Application Support/Code/User/globalStorage/vexrobotics.vexcode/sdk/cpp/V5/V5_20240802_15_00_00/vexv5/libv5rt.a(vex_imu.cpp.obj)
                0x00000000038041b4                vex::inertial::getTurnType()
 .text._ZThn16_N3vex8inertial11getTurnTypeEv
                0x00000000038041bc        0x8 /Users/Millie/Library/Application Support/Code/User/globalStorage/vexrobotics.vexcode/sdk/cpp/V5/V5_20240802_15_00_00/vexv5/libv5rt.a(vex_imu.cpp.obj)
                0x00000000038041bc                non-virtual thunk to vex::inertial::getTurnType()
 *fill*         0x00000000038041c4        0x4 
 .text._ZN3vex8inertial10setHeadingEdNS_13rotationUnitsE
                0x00000000038041c8       0x58 /Users/Millie/Library/Application Support/Code/User/globalStorage/vexrobotics.vexcode/sdk/cpp/V5/V5_20240802_15_00_00/vexv5/libv5rt.a(vex_imu.cpp.obj)
                0x00000000038041c8                vex::inertial::setHeading(double, vex::rotationUnits)
 .text._ZThn16_N3vex8inertial10setHeadingEdNS_13rotationUnitsE
                0x0000000003804220        0x8 /Users/Millie/Library/Application Support/Code/User/globalStorage/vexrobotics.vexcode/sdk/cpp/V5/V5_20240802_15_00_00/vexv5/libv5rt.a(vex_imu.cpp.obj)
                0x0000000003804220                non-virtual thunk to vex::inertial::setHeading(double, vex::rotationUnits)
 .text._ZN3vex8inertial11setRotationEdNS_13rotationUnitsE
                0x0000000003804228       0x58 /Users/Millie/Library/Application Support/Code/User/globalStorage/vexrobotics.vexcode/sdk/cpp/V5/V5_20240802_15_00_00/vexv5/libv5rt.a(vex_imu.cpp.obj)
                0x0000000003804228                vex::inertial::setRotation(double, vex::rotationUnits)
 .text._ZThn16_N3vex8inertial11setRotationEdNS_13rotationUnitsE
                0x0000000003804280        0x8 /Users/Millie/Library/Application Support/Code/User/globalStorage/vexrobotics.vexcode/sdk/cpp/V5/V5_20240802_15_00_00/vexv5/libv5rt.a(vex_imu.cpp.obj)
                0x0000000003804280                non-virtual thunk to vex::inertial::setRotation(double, vex::rotationUnits)
 .text._ZN3vex8inertialD2Ev
                0x0000000003804288       0x20 /Users/Millie/Library/Application Support/Code/User/globalStorage/vexrobotics.vexcode/sdk/cpp/V5/V5_20240802_15_00_00/vexv5/libv5rt.a(vex_imu.cpp.obj)
                0x0000000003804288                vex::inertial::~inertial()
                0x0000000003804288                vex::inertial::~inertial()
 .text._ZThn16_N3vex8inertialD1Ev
                0x00000000038042a8        0x8 /Users/Millie/Library/Application Support/Code/User/globalStorage/vexrobotics.vexcode/sdk/cpp/V5/V5_20240802_15_00_00/vexv5/libv5rt.a(vex_imu.cpp.obj)
                0x00000000038042a8                non-virtual thunk to vex::inertial::~inertial()
 .text._ZN3vex8inertialD0Ev
                0x00000000038042b0       0x1c /Users/Millie/Library/Application Support/Code/User/globalStorage/vexrobotics.vexcode/sdk/cpp/V5/V5_20240802_15_00_00/vexv5/libv5rt.a(vex_imu.cpp.obj)
                0x00000000038042b0                vex::inertial::~inertial()
 .text._ZThn16_N3vex8inertialD0Ev
                0x00000000038042cc        0x8 /Users/Millie/Library/Application Support/Code/User/globalStorage/vexrobotics.vexcode/sdk/cpp/V5/V5_20240802_15_00_00/vexv5/libv5rt.a(vex_imu.cpp.obj)
                0x00000000038042cc                non-virtual thunk to vex::inertial::~inertial()
 .text._ZN3vex8inertial9installedEv
                0x00000000038042d4       0x18 /Users/Millie/Library/Application Support/Code/User/globalStorage/vexrobotics.vexcode/sdk/cpp/V5/V5_20240802_15_00_00/vexv5/libv5rt.a(vex_imu.cpp.obj)
                0x00000000038042d4                vex::inertial::installed()
 .text._ZN3vex8inertial5angleENS_13rotationUnitsE
                0x00000000038042ec       0x6c /Users/Millie/Library/Application Support/Code/User/globalStorage/vexrobotics.vexcode/sdk/cpp/V5/V5_20240802_15_00_00/vexv5/libv5rt.a(vex_imu.cpp.obj)
                0x00000000038042ec                vex::inertial::angle(vex::rotationUnits)
 .text._ZThn16_N3vex8inertial5angleENS_13rotationUnitsE
                0x0000000003804358        0x8 /Users/Millie/Library/Application Support/Code/User/globalStorage/vexrobotics.vexcode/sdk/cpp/V5/V5_20240802_15_00_00/vexv5/libv5rt.a(vex_imu.cpp.obj)
                0x0000000003804358                non-virtual thunk to vex::inertial::angle(vex::rotationUnits)
 .text._ZN3vex8inertial7headingENS_13rotationUnitsE
                0x0000000003804360        0x4 /Users/Millie/Library/Application Support/Code/User/globalStorage/vexrobotics.vexcode/sdk/cpp/V5/V5_20240802_15_00_00/vexv5/libv5rt.a(vex_imu.cpp.obj)
                0x0000000003804360                vex::inertial::heading(vex::rotationUnits)
 .text._ZThn16_N3vex8inertial7headingENS_13rotationUnitsE
                0x0000000003804364        0x8 /Users/Millie/Library/Application Support/Code/User/globalStorage/vexrobotics.vexcode/sdk/cpp/V5/V5_20240802_15_00_00/vexv5/libv5rt.a(vex_imu.cpp.obj)
                0x0000000003804364                non-virtual thunk to vex::inertial::heading(vex::rotationUnits)
 .text._ZN3vex8inertial5valueEv
                0x000000000380436c       0x1c /Users/Millie/Library/Application Support/Code/User/globalStorage/vexrobotics.vexcode/sdk/cpp/V5/V5_20240802_15_00_00/vexv5/libv5rt.a(vex_imu.cpp.obj)
                0x000000000380436c                vex::inertial::value()
 .text._ZN3vex8inertial8rotationENS_13rotationUnitsE
                0x0000000003804388       0x48 /Users/Millie/Library/Application Support/Code/User/globalStorage/vexrobotics.vexcode/sdk/cpp/V5/V5_20240802_15_00_00/vexv5/libv5rt.a(vex_imu.cpp.obj)
                0x0000000003804388                vex::inertial::rotation(vex::rotationUnits)
 .text._ZThn16_N3vex8inertial8rotationENS_13rotationUnitsE
                0x00000000038043d0        0x8 /Users/Millie/Library/Application Support/Code/User/globalStorage/vexrobotics.vexcode/sdk/cpp/V5/V5_20240802_15_00_00/vexv5/libv5rt.a(vex_imu.cpp.obj)
                0x00000000038043d0                non-virtual thunk to vex::inertial::rotation(vex::rotationUnits)
 .text._ZN3vex8inertial13isCalibratingEv
                0x00000000038043d8       0x38 /Users/Millie/Library/Application Support/Code/User/globalStorage/vexrobotics.vexcode/sdk/cpp/V5/V5_20240802_15_00_00/vexv5/libv5rt.a(vex_imu.cpp.obj)
                0x00000000038043d8                vex::inertial::isCalibrating()
 .text._ZThn16_N3vex8inertial13isCalibratingEv
                0x0000000003804410        0x8 /Users/Millie/Library/Application Support/Code/User/globalStorage/vexrobotics.vexcode/sdk/cpp/V5/V5_20240802_15_00_00/vexv5/libv5rt.a(vex_imu.cpp.obj)
                0x0000000003804410                non-virtual thunk to vex::inertial::isCalibrating()
 .text._ZN3vex8inertialC2ElNS_8turnTypeE
                0x0000000003804418       0x4c /Users/Millie/Library/Application Support/Code/User/globalStorage/vexrobotics.vexcode/sdk/cpp/V5/V5_20240802_15_00_00/vexv5/libv5rt.a(vex_imu.cpp.obj)
                0x0000000003804418                vex::inertial::inertial(long, vex::turnType)
                0x0000000003804418                vex::inertial::inertial(long, vex::turnType)
 .text._ZN3vex8inertial16startCalibrationEl
                0x0000000003804464       0x20 /Users/Millie/Library/Application Support/Code/User/globalStorage/vexrobotics.vexcode/sdk/cpp/V5/V5_20240802_15_00_00/vexv5/libv5rt.a(vex_imu.cpp.obj)
                0x0000000003804464                vex::inertial::startCalibration(long)
 .text._ZN3vex8inertial9calibrateEl
                0x0000000003804484        0xc /Users/Millie/Library/Application Support/Code/User/globalStorage/vexrobotics.vexcode/sdk/cpp/V5/V5_20240802_15_00_00/vexv5/libv5rt.a(vex_imu.cpp.obj)
                0x0000000003804484                vex::inertial::calibrate(long)
                0x0000000003804488                non-virtual thunk to vex::inertial::calibrate(long)
 .text._ZN3vex8rotationD2Ev
                0x0000000003804490       0x20 /Users/Millie/Library/Application Support/Code/User/globalStorage/vexrobotics.vexcode/sdk/cpp/V5/V5_20240802_15_00_00/vexv5/libv5rt.a(vex_rotation.cpp.obj)
                0x0000000003804490                vex::rotation::~rotation()
                0x0000000003804490                vex::rotation::~rotation()
 .text._ZN3vex8rotationD0Ev
                0x00000000038044b0       0x1c /Users/Millie/Library/Application Support/Code/User/globalStorage/vexrobotics.vexcode/sdk/cpp/V5/V5_20240802_15_00_00/vexv5/libv5rt.a(vex_rotation.cpp.obj)
                0x00000000038044b0                vex::rotation::~rotation()
 .text._ZN3vex8rotation9installedEv
                0x00000000038044cc       0x18 /Users/Millie/Library/Application Support/Code/User/globalStorage/vexrobotics.vexcode/sdk/cpp/V5/V5_20240802_15_00_00/vexv5/libv5rt.a(vex_rotation.cpp.obj)
                0x00000000038044cc                vex::rotation::installed()
 .text._ZN3vex8rotation5valueEv
                0x00000000038044e4        0x8 /Users/Millie/Library/Application Support/Code/User/globalStorage/vexrobotics.vexcode/sdk/cpp/V5/V5_20240802_15_00_00/vexv5/libv5rt.a(vex_rotation.cpp.obj)
                0x00000000038044e4                vex::rotation::value()
 .text._ZN3vex8rotationC2Elb
                0x00000000038044ec       0x30 /Users/Millie/Library/Application Support/Code/User/globalStorage/vexrobotics.vexcode/sdk/cpp/V5/V5_20240802_15_00_00/vexv5/libv5rt.a(vex_rotation.cpp.obj)
                0x00000000038044ec                vex::rotation::rotation(long, bool)
                0x00000000038044ec                vex::rotation::rotation(long, bool)
 *fill*         0x000000000380451c        0x4 
 .text._ZN3vex8rotation8positionENS_13rotationUnitsE
                0x0000000003804520       0x50 /Users/Millie/Library/Application Support/Code/User/globalStorage/vexrobotics.vexcode/sdk/cpp/V5/V5_20240802_15_00_00/vexv5/libv5rt.a(vex_rotation.cpp.obj)
                0x0000000003804520                vex::rotation::position(vex::rotationUnits)
 .text._ZN3vex10controllerD2Ev
                0x0000000003804570        0x4 /Users/Millie/Library/Application Support/Code/User/globalStorage/vexrobotics.vexcode/sdk/cpp/V5/V5_20240802_15_00_00/vexv5/libv5rt.a(vex_controller.cpp.obj)
                0x0000000003804570                vex::controller::~controller()
                0x0000000003804570                vex::controller::~controller()
 .text._ZN3vex10controller5valueE19_V5_ControllerIndex
                0x0000000003804574        0x8 /Users/Millie/Library/Application Support/Code/User/globalStorage/vexrobotics.vexcode/sdk/cpp/V5/V5_20240802_15_00_00/vexv5/libv5rt.a(vex_controller.cpp.obj)
                0x0000000003804574                vex::controller::value(_V5_ControllerIndex)
 .text._ZNK3vex10controller6button21_buttonToPressedEventEv
                0x000000000380457c       0x20 /Users/Millie/Library/Application Support/Code/User/globalStorage/vexrobotics.vexcode/sdk/cpp/V5/V5_20240802_15_00_00/vexv5/libv5rt.a(vex_controller.cpp.obj)
                0x000000000380457c                vex::controller::button::_buttonToPressedEvent() const
 .text._ZNK3vex10controller6button22_buttonToReleasedEventEv
                0x000000000380459c       0x20 /Users/Millie/Library/Application Support/Code/User/globalStorage/vexrobotics.vexcode/sdk/cpp/V5/V5_20240802_15_00_00/vexv5/libv5rt.a(vex_controller.cpp.obj)
                0x000000000380459c                vex::controller::button::_buttonToReleasedEvent() const
 .text._ZN3vex10controller6buttonC2ENS0_11tButtonTypeEPS0_
                0x00000000038045bc       0x48 /Users/Millie/Library/Application Support/Code/User/globalStorage/vexrobotics.vexcode/sdk/cpp/V5/V5_20240802_15_00_00/vexv5/libv5rt.a(vex_controller.cpp.obj)
                0x00000000038045bc                vex::controller::button::button(vex::controller::tButtonType, vex::controller*)
                0x00000000038045bc                vex::controller::button::button(vex::controller::tButtonType, vex::controller*)
 .text._ZNK3vex10controller4axis5valueEv
                0x0000000003804604       0x58 /Users/Millie/Library/Application Support/Code/User/globalStorage/vexrobotics.vexcode/sdk/cpp/V5/V5_20240802_15_00_00/vexv5/libv5rt.a(vex_controller.cpp.obj)
                0x0000000003804604                vex::controller::axis::value() const
 .text._ZNK3vex10controller4axis23_joystickToChangedEventEv
                0x000000000380465c       0x20 /Users/Millie/Library/Application Support/Code/User/globalStorage/vexrobotics.vexcode/sdk/cpp/V5/V5_20240802_15_00_00/vexv5/libv5rt.a(vex_controller.cpp.obj)
                0x000000000380465c                vex::controller::axis::_joystickToChangedEvent() const
 .text._ZN3vex10controller4axisC2ENS0_9tAxisTypeEPS0_
                0x000000000380467c       0x2c /Users/Millie/Library/Application Support/Code/User/globalStorage/vexrobotics.vexcode/sdk/cpp/V5/V5_20240802_15_00_00/vexv5/libv5rt.a(vex_controller.cpp.obj)
                0x000000000380467c                vex::controller::axis::axis(vex::controller::tAxisType, vex::controller*)
                0x000000000380467c                vex::controller::axis::axis(vex::controller::tAxisType, vex::controller*)
 .text._ZN3vex10controllerC2ENS_14controllerTypeE
                0x00000000038046a8      0x16c /Users/Millie/Library/Application Support/Code/User/globalStorage/vexrobotics.vexcode/sdk/cpp/V5/V5_20240802_15_00_00/vexv5/libv5rt.a(vex_controller.cpp.obj)
                0x00000000038046a8                vex::controller::controller(vex::controllerType)
                0x00000000038046a8                vex::controller::controller(vex::controllerType)
 .text._ZN3vex4taskC2Ev
                0x0000000003804814       0x28 /Users/Millie/Library/Application Support/Code/User/globalStorage/vexrobotics.vexcode/sdk/cpp/V5/V5_20240802_15_00_00/vexv5/libv5rt.a(vex_task.cpp.obj)
                0x0000000003804814                vex::task::task()
                0x0000000003804814                vex::task::task()
 .text._ZN3vex4taskC2EPFivE
                0x000000000380483c       0x5c /Users/Millie/Library/Application Support/Code/User/globalStorage/vexrobotics.vexcode/sdk/cpp/V5/V5_20240802_15_00_00/vexv5/libv5rt.a(vex_task.cpp.obj)
                0x000000000380483c                vex::task::task(int (*)())
                0x000000000380483c                vex::task::task(int (*)())
 .text._ZN3vex4taskD2Ev
                0x0000000003804898        0x4 /Users/Millie/Library/Application Support/Code/User/globalStorage/vexrobotics.vexcode/sdk/cpp/V5/V5_20240802_15_00_00/vexv5/libv5rt.a(vex_task.cpp.obj)
                0x0000000003804898                vex::task::~task()
                0x0000000003804898                vex::task::~task()
 .text._ZN3vex4task4stopEPvi
                0x000000000380489c       0x1c /Users/Millie/Library/Application Support/Code/User/globalStorage/vexrobotics.vexcode/sdk/cpp/V5/V5_20240802_15_00_00/vexv5/libv5rt.a(vex_task.cpp.obj)
                0x000000000380489c                vex::task::stop(void*, int)
 .text._ZN3vex4task5sleepEm
                0x00000000038048b8        0x4 /Users/Millie/Library/Application Support/Code/User/globalStorage/vexrobotics.vexcode/sdk/cpp/V5/V5_20240802_15_00_00/vexv5/libv5rt.a(vex_task.cpp.obj)
                0x00000000038048b8                vex::task::sleep(unsigned long)
 .text._ZN3vex4task6_indexEPFivE
                0x00000000038048bc       0x14 /Users/Millie/Library/Application Support/Code/User/globalStorage/vexrobotics.vexcode/sdk/cpp/V5/V5_20240802_15_00_00/vexv5/libv5rt.a(vex_task.cpp.obj)
                0x00000000038048bc                vex::task::_index(int (*)())
 .text._ZN3vex4task8_stopAllEv
                0x00000000038048d0       0x3c /Users/Millie/Library/Application Support/Code/User/globalStorage/vexrobotics.vexcode/sdk/cpp/V5/V5_20240802_15_00_00/vexv5/libv5rt.a(vex_task.cpp.obj)
                0x00000000038048d0                vex::task::_stopAll()
 .text._ZN3vex11this_thread9sleep_forEm
                0x000000000380490c        0x4 /Users/Millie/Library/Application Support/Code/User/globalStorage/vexrobotics.vexcode/sdk/cpp/V5/V5_20240802_15_00_00/vexv5/libv5rt.a(vex_thread.cpp.obj)
                0x000000000380490c                vex::this_thread::sleep_for(unsigned long)
 .text._ZN3vex5event4initEmmPFvvE
                0x0000000003804910        0x4 /Users/Millie/Library/Application Support/Code/User/globalStorage/vexrobotics.vexcode/sdk/cpp/V5/V5_20240802_15_00_00/vexv5/libv5rt.a(vex_event.cpp.obj)
                0x0000000003804910                vex::event::init(unsigned long, unsigned long, void (*)())
 .text._ZN3vex5event4initEmmPFvPvES1_
                0x0000000003804914        0x4 /Users/Millie/Library/Application Support/Code/User/globalStorage/vexrobotics.vexcode/sdk/cpp/V5/V5_20240802_15_00_00/vexv5/libv5rt.a(vex_event.cpp.obj)
                0x0000000003804914                vex::event::init(unsigned long, unsigned long, void (*)(void*), void*)
 .text._ZN3vex5event9userindexEv
                0x0000000003804918        0x4 /Users/Millie/Library/Application Support/Code/User/globalStorage/vexrobotics.vexcode/sdk/cpp/V5/V5_20240802_15_00_00/vexv5/libv5rt.a(vex_event.cpp.obj)
                0x0000000003804918                vex::event::userindex()
 .text._ZZN3vex6meventC4EmmENUlvE_4_FUNEv
                0x000000000380491c        0x4 /Users/Millie/Library/Application Support/Code/User/globalStorage/vexrobotics.vexcode/sdk/cpp/V5/V5_20240802_15_00_00/vexv5/libv5rt.a(vex_mevent.cpp.obj)
 .text._ZN3vex6meventC2Emm
                0x0000000003804920       0x70 /Users/Millie/Library/Application Support/Code/User/globalStorage/vexrobotics.vexcode/sdk/cpp/V5/V5_20240802_15_00_00/vexv5/libv5rt.a(vex_mevent.cpp.obj)
                0x0000000003804920                vex::mevent::mevent(unsigned long, unsigned long)
                0x0000000003804920                vex::mevent::mevent(unsigned long, unsigned long)
 .text._ZN3vex5brain9_getIndexEv
                0x0000000003804990       0x10 /Users/Millie/Library/Application Support/Code/User/globalStorage/vexrobotics.vexcode/sdk/cpp/V5/V5_20240802_15_00_00/vexv5/libv5rt.a(vex_brain.cpp.obj)
                0x0000000003804990                vex::brain::_getIndex()
 .text._ZN3vex5brain3lcd9setCursorEll
                0x00000000038049a0       0x44 /Users/Millie/Library/Application Support/Code/User/globalStorage/vexrobotics.vexcode/sdk/cpp/V5/V5_20240802_15_00_00/vexv5/libv5rt.a(vex_brain.cpp.obj)
                0x00000000038049a0                vex::brain::lcd::setCursor(long, long)
 .text._ZN3vex5brain3lcd7setFontENS_8fontTypeE
                0x00000000038049e4      0x23c /Users/Millie/Library/Application Support/Code/User/globalStorage/vexrobotics.vexcode/sdk/cpp/V5/V5_20240802_15_00_00/vexv5/libv5rt.a(vex_brain.cpp.obj)
                0x00000000038049e4                vex::brain::lcd::setFont(vex::fontType)
 .text._ZN3vex5brain3lcdC2Ev
                0x0000000003804c20       0x94 /Users/Millie/Library/Application Support/Code/User/globalStorage/vexrobotics.vexcode/sdk/cpp/V5/V5_20240802_15_00_00/vexv5/libv5rt.a(vex_brain.cpp.obj)
                0x0000000003804c20                vex::brain::lcd::lcd()
                0x0000000003804c20                vex::brain::lcd::lcd()
 .text._ZN3vex5brainC2Ev
                0x0000000003804cb4       0x3c /Users/Millie/Library/Application Support/Code/User/globalStorage/vexrobotics.vexcode/sdk/cpp/V5/V5_20240802_15_00_00/vexv5/libv5rt.a(vex_brain.cpp.obj)
                0x0000000003804cb4                vex::brain::brain()
                0x0000000003804cb4                vex::brain::brain()
 .text._ZN3vex5brain3lcd7printAtEllPKcz
                0x0000000003804cf0       0x54 /Users/Millie/Library/Application Support/Code/User/globalStorage/vexrobotics.vexcode/sdk/cpp/V5/V5_20240802_15_00_00/vexv5/libv5rt.a(vex_brain.cpp.obj)
                0x0000000003804cf0                vex::brain::lcd::printAt(long, long, char const*, ...)
 .text._ZN3vex5brain3lcd12_clearScreenEm
                0x0000000003804d44       0x38 /Users/Millie/Library/Application Support/Code/User/globalStorage/vexrobotics.vexcode/sdk/cpp/V5/V5_20240802_15_00_00/vexv5/libv5rt.a(vex_brain.cpp.obj)
                0x0000000003804d44                vex::brain::lcd::_clearScreen(unsigned long)
 .text._ZN3vex5brain3lcd11clearScreenERKNS_5colorE
                0x0000000003804d7c       0x20 /Users/Millie/Library/Application Support/Code/User/globalStorage/vexrobotics.vexcode/sdk/cpp/V5/V5_20240802_15_00_00/vexv5/libv5rt.a(vex_brain.cpp.obj)
                0x0000000003804d7c                vex::brain::lcd::clearScreen(vex::color const&)
 .text._ZN3vex5brain3lcd11clearScreenEv
                0x0000000003804d9c       0x2c /Users/Millie/Library/Application Support/Code/User/globalStorage/vexrobotics.vexcode/sdk/cpp/V5/V5_20240802_15_00_00/vexv5/libv5rt.a(vex_brain.cpp.obj)
                0x0000000003804d9c                vex::brain::lcd::clearScreen()
 .text._ZN3vex5brain3lcd8pressingEv
                0x0000000003804dc8       0x20 /Users/Millie/Library/Application Support/Code/User/globalStorage/vexrobotics.vexcode/sdk/cpp/V5/V5_20240802_15_00_00/vexv5/libv5rt.a(vex_brain.cpp.obj)
                0x0000000003804dc8                vex::brain::lcd::pressing()
 .text._ZN3vex5brain7battery8capacityENS_12percentUnitsE
                0x0000000003804de8       0x18 /Users/Millie/Library/Application Support/Code/User/globalStorage/vexrobotics.vexcode/sdk/cpp/V5/V5_20240802_15_00_00/vexv5/libv5rt.a(vex_brain.cpp.obj)
                0x0000000003804de8                vex::brain::battery::capacity(vex::percentUnits)
 .text._ZN3vex5brainD2Ev
                0x0000000003804e00       0x20 /Users/Millie/Library/Application Support/Code/User/globalStorage/vexrobotics.vexcode/sdk/cpp/V5/V5_20240802_15_00_00/vexv5/libv5rt.a(vex_brain.cpp.obj)
                0x0000000003804e00                vex::brain::~brain()
                0x0000000003804e00                vex::brain::~brain()
 .text._ZN3vex11competition8_disableEPv
                0x0000000003804e20       0xa4 /Users/Millie/Library/Application Support/Code/User/globalStorage/vexrobotics.vexcode/sdk/cpp/V5/V5_20240802_15_00_00/vexv5/libv5rt.a(vex_competition.cpp.obj)
                0x0000000003804e20                vex::competition::_disable(void*)
 .text._ZN3vex11competition11_autonomousEv
                0x0000000003804ec4       0x80 /Users/Millie/Library/Application Support/Code/User/globalStorage/vexrobotics.vexcode/sdk/cpp/V5/V5_20240802_15_00_00/vexv5/libv5rt.a(vex_competition.cpp.obj)
                0x0000000003804ec4                vex::competition::_autonomous()
 .text._ZN3vex11competition14_drivercontrolEv
                0x0000000003804f44       0x80 /Users/Millie/Library/Application Support/Code/User/globalStorage/vexrobotics.vexcode/sdk/cpp/V5/V5_20240802_15_00_00/vexv5/libv5rt.a(vex_competition.cpp.obj)
                0x0000000003804f44                vex::competition::_drivercontrol()
 .text._ZN3vex11competitionC2Ev
                0x0000000003804fc4      0x13c /Users/Millie/Library/Application Support/Code/User/globalStorage/vexrobotics.vexcode/sdk/cpp/V5/V5_20240802_15_00_00/vexv5/libv5rt.a(vex_competition.cpp.obj)
                0x0000000003804fc4                vex::competition::competition()
                0x0000000003804fc4                vex::competition::competition()
 .text._ZN3vex11competitionD2Ev
                0x0000000003805100        0x4 /Users/Millie/Library/Application Support/Code/User/globalStorage/vexrobotics.vexcode/sdk/cpp/V5/V5_20240802_15_00_00/vexv5/libv5rt.a(vex_competition.cpp.obj)
                0x0000000003805100                vex::competition::~competition()
                0x0000000003805100                vex::competition::~competition()
 .text._ZN3vex11competition10autonomousEPFvvE
                0x0000000003805104       0x44 /Users/Millie/Library/Application Support/Code/User/globalStorage/vexrobotics.vexcode/sdk/cpp/V5/V5_20240802_15_00_00/vexv5/libv5rt.a(vex_competition.cpp.obj)
                0x0000000003805104                vex::competition::autonomous(void (*)())
 .text._ZN3vex11competition13drivercontrolEPFvvE
                0x0000000003805148       0x44 /Users/Millie/Library/Application Support/Code/User/globalStorage/vexrobotics.vexcode/sdk/cpp/V5/V5_20240802_15_00_00/vexv5/libv5rt.a(vex_competition.cpp.obj)
                0x0000000003805148                vex::competition::drivercontrol(void (*)())
 .text._ZN3vex7triportD2Ev
                0x000000000380518c       0x38 /Users/Millie/Library/Application Support/Code/User/globalStorage/vexrobotics.vexcode/sdk/cpp/V5/V5_20240802_15_00_00/vexv5/libv5rt.a(vex_triport.cpp.obj)
                0x000000000380518c                vex::triport::~triport()
                0x000000000380518c                vex::triport::~triport()
 .text._ZN3vex7triportD0Ev
                0x00000000038051c4       0x1c /Users/Millie/Library/Application Support/Code/User/globalStorage/vexrobotics.vexcode/sdk/cpp/V5/V5_20240802_15_00_00/vexv5/libv5rt.a(vex_triport.cpp.obj)
                0x00000000038051c4                vex::triport::~triport()
 .text._ZN3vex7triport9installedEv
                0x00000000038051e0       0x18 /Users/Millie/Library/Application Support/Code/User/globalStorage/vexrobotics.vexcode/sdk/cpp/V5/V5_20240802_15_00_00/vexv5/libv5rt.a(vex_triport.cpp.obj)
                0x00000000038051e0                vex::triport::installed()
 .text._ZN3vex7triport4portC2ElPS0_
                0x00000000038051f8       0x74 /Users/Millie/Library/Application Support/Code/User/globalStorage/vexrobotics.vexcode/sdk/cpp/V5/V5_20240802_15_00_00/vexv5/libv5rt.a(vex_triport.cpp.obj)
                0x00000000038051f8                vex::triport::port::port(long, vex::triport*)
                0x00000000038051f8                vex::triport::port::port(long, vex::triport*)
 .text._ZN3vex7triportC2El
                0x000000000380526c       0xf0 /Users/Millie/Library/Application Support/Code/User/globalStorage/vexrobotics.vexcode/sdk/cpp/V5/V5_20240802_15_00_00/vexv5/libv5rt.a(vex_triport.cpp.obj)
                0x000000000380526c                vex::triport::triport(long)
                0x000000000380526c                vex::triport::triport(long)
 .text._ZN3vex7triport4port4typeENS_11triportTypeE
                0x000000000380535c       0x30 /Users/Millie/Library/Application Support/Code/User/globalStorage/vexrobotics.vexcode/sdk/cpp/V5/V5_20240802_15_00_00/vexv5/libv5rt.a(vex_triport.cpp.obj)
                0x000000000380535c                vex::triport::port::type(vex::triportType)
 .text._ZN3vex7triport4port4typeEv
                0x000000000380538c       0x38 /Users/Millie/Library/Application Support/Code/User/globalStorage/vexrobotics.vexcode/sdk/cpp/V5/V5_20240802_15_00_00/vexv5/libv5rt.a(vex_triport.cpp.obj)
                0x000000000380538c                vex::triport::port::type()
 .text._ZN3vex7triport4port5valueEv
                0x00000000038053c4       0x14 /Users/Millie/Library/Application Support/Code/User/globalStorage/vexrobotics.vexcode/sdk/cpp/V5/V5_20240802_15_00_00/vexv5/libv5rt.a(vex_triport.cpp.obj)
                0x00000000038053c4                vex::triport::port::value()
 .text._ZN3vex7triport4port8rotationENS_13rotationUnitsE
                0x00000000038053d8       0x40 /Users/Millie/Library/Application Support/Code/User/globalStorage/vexrobotics.vexcode/sdk/cpp/V5/V5_20240802_15_00_00/vexv5/libv5rt.a(vex_triport.cpp.obj)
                0x00000000038053d8                vex::triport::port::rotation(vex::rotationUnits)
 .text._ZN3vex11__trideviceC2ERNS_7triport4portENS_11triportTypeE
                0x0000000003805418       0x5c /Users/Millie/Library/Application Support/Code/User/globalStorage/vexrobotics.vexcode/sdk/cpp/V5/V5_20240802_15_00_00/vexv5/libv5rt.a(vex_triport.cpp.obj)
                0x0000000003805418                vex::__tridevice::__tridevice(vex::triport::port&, vex::triportType)
                0x0000000003805418                vex::__tridevice::__tridevice(vex::triport::port&, vex::triportType)
 .text._ZN3vex7encoderC2ERNS_7triport4portE
                0x0000000003805474       0x20 /Users/Millie/Library/Application Support/Code/User/globalStorage/vexrobotics.vexcode/sdk/cpp/V5/V5_20240802_15_00_00/vexv5/libv5rt.a(vex_triport.cpp.obj)
                0x0000000003805474                vex::encoder::encoder(vex::triport::port&)
                0x0000000003805474                vex::encoder::encoder(vex::triport::port&)
 .text._ZN3vex7encoderD2Ev
                0x0000000003805494        0x4 /Users/Millie/Library/Application Support/Code/User/globalStorage/vexrobotics.vexcode/sdk/cpp/V5/V5_20240802_15_00_00/vexv5/libv5rt.a(vex_triport.cpp.obj)
                0x0000000003805494                vex::encoder::~encoder()
                0x0000000003805494                vex::encoder::~encoder()
 .text._ZN3vex7encoder8positionENS_13rotationUnitsE
                0x0000000003805498        0x8 /Users/Millie/Library/Application Support/Code/User/globalStorage/vexrobotics.vexcode/sdk/cpp/V5/V5_20240802_15_00_00/vexv5/libv5rt.a(vex_triport.cpp.obj)
                0x0000000003805498                vex::encoder::position(vex::rotationUnits)
 .text._ZN3vex5colorD2Ev
                0x00000000038054a0        0x4 /Users/Millie/Library/Application Support/Code/User/globalStorage/vexrobotics.vexcode/sdk/cpp/V5/V5_20240802_15_00_00/vexv5/libv5rt.a(vex_color.cpp.obj)
                0x00000000038054a0                vex::color::~color()
                0x00000000038054a0                vex::color::~color()
 .text._ZNK3vex5colorcvmEv
                0x00000000038054a4        0x8 /Users/Millie/Library/Application Support/Code/User/globalStorage/vexrobotics.vexcode/sdk/cpp/V5/V5_20240802_15_00_00/vexv5/libv5rt.a(vex_color.cpp.obj)
                0x00000000038054a4                vex::color::operator unsigned long() const
 .text.startup._GLOBAL__sub_I__ZN3vex5color5blackE
                0x00000000038054ac      0x164 /Users/Millie/Library/Application Support/Code/User/globalStorage/vexrobotics.vexcode/sdk/cpp/V5/V5_20240802_15_00_00/vexv5/libv5rt.a(vex_color.cpp.obj)
 .text._ZN3vex5timerD2Ev
                0x0000000003805610        0x4 /Users/Millie/Library/Application Support/Code/User/globalStorage/vexrobotics.vexcode/sdk/cpp/V5/V5_20240802_15_00_00/vexv5/libv5rt.a(vex_timer.cpp.obj)
                0x0000000003805610                vex::timer::~timer()
                0x0000000003805610                vex::timer::~timer()
 .text._ZN3vex5timer5clearEv
                0x0000000003805614       0x1c /Users/Millie/Library/Application Support/Code/User/globalStorage/vexrobotics.vexcode/sdk/cpp/V5/V5_20240802_15_00_00/vexv5/libv5rt.a(vex_timer.cpp.obj)
                0x0000000003805614                vex::timer::clear()
 .text._ZN3vex5timerC2Ev
                0x0000000003805630       0x14 /Users/Millie/Library/Application Support/Code/User/globalStorage/vexrobotics.vexcode/sdk/cpp/V5/V5_20240802_15_00_00/vexv5/libv5rt.a(vex_timer.cpp.obj)
                0x0000000003805630                vex::timer::timer()
                0x0000000003805630                vex::timer::timer()
 .text._ZN3vex11motor_group18motor_group_motorsC2Ev
                0x0000000003805644       0x28 /Users/Millie/Library/Application Support/Code/User/globalStorage/vexrobotics.vexcode/sdk/cpp/V5/V5_20240802_15_00_00/vexv5/libv5rt.a(vex_motorgroup.cpp.obj)
                0x0000000003805644                vex::motor_group::motor_group_motors::motor_group_motors()
                0x0000000003805644                vex::motor_group::motor_group_motors::motor_group_motors()
 .text._ZN3vex11motor_group18motor_group_motorsC2ERKS1_
                0x000000000380566c       0x20 /Users/Millie/Library/Application Support/Code/User/globalStorage/vexrobotics.vexcode/sdk/cpp/V5/V5_20240802_15_00_00/vexv5/libv5rt.a(vex_motorgroup.cpp.obj)
                0x000000000380566c                vex::motor_group::motor_group_motors::motor_group_motors(vex::motor_group::motor_group_motors const&)
                0x000000000380566c                vex::motor_group::motor_group_motors::motor_group_motors(vex::motor_group::motor_group_motors const&)
 .text._ZN3vex11motor_groupC2Ev
                0x000000000380568c       0x1c /Users/Millie/Library/Application Support/Code/User/globalStorage/vexrobotics.vexcode/sdk/cpp/V5/V5_20240802_15_00_00/vexv5/libv5rt.a(vex_motorgroup.cpp.obj)
                0x000000000380568c                vex::motor_group::motor_group()
                0x000000000380568c                vex::motor_group::motor_group()
 .text._ZN3vex11motor_groupD2Ev
                0x00000000038056a8        0x4 /Users/Millie/Library/Application Support/Code/User/globalStorage/vexrobotics.vexcode/sdk/cpp/V5/V5_20240802_15_00_00/vexv5/libv5rt.a(vex_motorgroup.cpp.obj)
                0x00000000038056a8                vex::motor_group::~motor_group()
                0x00000000038056a8                vex::motor_group::~motor_group()
 .text._ZN3vex11motor_group9_addMotorEv
                0x00000000038056ac        0x4 /Users/Millie/Library/Application Support/Code/User/globalStorage/vexrobotics.vexcode/sdk/cpp/V5/V5_20240802_15_00_00/vexv5/libv5rt.a(vex_motorgroup.cpp.obj)
                0x00000000038056ac                vex::motor_group::_addMotor()
 .text._ZN3vex11motor_group9_addMotorERNS_5motorE
                0x00000000038056b0       0x20 /Users/Millie/Library/Application Support/Code/User/globalStorage/vexrobotics.vexcode/sdk/cpp/V5/V5_20240802_15_00_00/vexv5/libv5rt.a(vex_motorgroup.cpp.obj)
                0x00000000038056b0                vex::motor_group::_addMotor(vex::motor&)
 .text._ZN3vex11motor_group11setVelocityEdNS_13velocityUnitsE
                0x00000000038056d0       0x4c /Users/Millie/Library/Application Support/Code/User/globalStorage/vexrobotics.vexcode/sdk/cpp/V5/V5_20240802_15_00_00/vexv5/libv5rt.a(vex_motorgroup.cpp.obj)
                0x00000000038056d0                vex::motor_group::setVelocity(double, vex::velocityUnits)
 .text._ZN3vex11motor_group4spinENS_13directionTypeEdNS_13velocityUnitsE
                0x000000000380571c       0x54 /Users/Millie/Library/Application Support/Code/User/globalStorage/vexrobotics.vexcode/sdk/cpp/V5/V5_20240802_15_00_00/vexv5/libv5rt.a(vex_motorgroup.cpp.obj)
                0x000000000380571c                vex::motor_group::spin(vex::directionType, double, vex::velocityUnits)
 .text._ZN3vex11motor_group4spinENS_13directionTypeEdNS_12voltageUnitsE
                0x0000000003805770       0x54 /Users/Millie/Library/Application Support/Code/User/globalStorage/vexrobotics.vexcode/sdk/cpp/V5/V5_20240802_15_00_00/vexv5/libv5rt.a(vex_motorgroup.cpp.obj)
                0x0000000003805770                vex::motor_group::spin(vex::directionType, double, vex::voltageUnits)
 .text._ZN3vex11motor_group10isSpinningEv
                0x00000000038057c4       0x40 /Users/Millie/Library/Application Support/Code/User/globalStorage/vexrobotics.vexcode/sdk/cpp/V5/V5_20240802_15_00_00/vexv5/libv5rt.a(vex_motorgroup.cpp.obj)
                0x00000000038057c4                vex::motor_group::isSpinning()
 .text._ZN3vex11motor_group6isDoneEv
                0x0000000003805804       0x14 /Users/Millie/Library/Application Support/Code/User/globalStorage/vexrobotics.vexcode/sdk/cpp/V5/V5_20240802_15_00_00/vexv5/libv5rt.a(vex_motorgroup.cpp.obj)
                0x0000000003805804                vex::motor_group::isDone()
 .text._ZN3vex11motor_group14isSpinningModeEv
                0x0000000003805818       0x40 /Users/Millie/Library/Application Support/Code/User/globalStorage/vexrobotics.vexcode/sdk/cpp/V5/V5_20240802_15_00_00/vexv5/libv5rt.a(vex_motorgroup.cpp.obj)
                0x0000000003805818                vex::motor_group::isSpinningMode()
 .text._ZN3vex11motor_group4stopEv
                0x0000000003805858       0x30 /Users/Millie/Library/Application Support/Code/User/globalStorage/vexrobotics.vexcode/sdk/cpp/V5/V5_20240802_15_00_00/vexv5/libv5rt.a(vex_motorgroup.cpp.obj)
                0x0000000003805858                vex::motor_group::stop()
 .text._ZN3vex11motor_group4stopENS_9brakeTypeE
                0x0000000003805888       0x38 /Users/Millie/Library/Application Support/Code/User/globalStorage/vexrobotics.vexcode/sdk/cpp/V5/V5_20240802_15_00_00/vexv5/libv5rt.a(vex_motorgroup.cpp.obj)
                0x0000000003805888                vex::motor_group::stop(vex::brakeType)
 .text._ZN3vex11motor_group8positionENS_13rotationUnitsE
                0x00000000038058c0        0xc /Users/Millie/Library/Application Support/Code/User/globalStorage/vexrobotics.vexcode/sdk/cpp/V5/V5_20240802_15_00_00/vexv5/libv5rt.a(vex_motorgroup.cpp.obj)
                0x00000000038058c0                vex::motor_group::position(vex::rotationUnits)
 .text._ZN3vex11motor_group20waitForCompletionAllEv
                0x00000000038058cc       0x60 /Users/Millie/Library/Application Support/Code/User/globalStorage/vexrobotics.vexcode/sdk/cpp/V5/V5_20240802_15_00_00/vexv5/libv5rt.a(vex_motorgroup.cpp.obj)
                0x00000000038058cc                vex::motor_group::waitForCompletionAll()
 .text._ZN3vex11motor_group7spinForENS_13directionTypeEdNS_13rotationUnitsEdNS_13velocityUnitsEb
                0x000000000380592c       0xa8 /Users/Millie/Library/Application Support/Code/User/globalStorage/vexrobotics.vexcode/sdk/cpp/V5/V5_20240802_15_00_00/vexv5/libv5rt.a(vex_motorgroup.cpp.obj)
                0x000000000380592c                vex::motor_group::spinFor(vex::directionType, double, vex::rotationUnits, double, vex::velocityUnits, bool)
 .text._ZN3vex11motor_group7spinForENS_13directionTypeEdNS_13rotationUnitsEb
                0x00000000038059d4       0x80 /Users/Millie/Library/Application Support/Code/User/globalStorage/vexrobotics.vexcode/sdk/cpp/V5/V5_20240802_15_00_00/vexv5/libv5rt.a(vex_motorgroup.cpp.obj)
                0x00000000038059d4                vex::motor_group::spinFor(vex::directionType, double, vex::rotationUnits, bool)
 .text._ZN3vex10drivetrainD2Ev
                0x0000000003805a54       0x28 /Users/Millie/Library/Application Support/Code/User/globalStorage/vexrobotics.vexcode/sdk/cpp/V5/V5_20240802_15_00_00/vexv5/libv5rt.a(vex_drivetrain.cpp.obj)
                0x0000000003805a54                vex::drivetrain::~drivetrain()
                0x0000000003805a54                vex::drivetrain::~drivetrain()
 .text._ZN3vex10drivetrainD0Ev
                0x0000000003805a7c       0x1c /Users/Millie/Library/Application Support/Code/User/globalStorage/vexrobotics.vexcode/sdk/cpp/V5/V5_20240802_15_00_00/vexv5/libv5rt.a(vex_drivetrain.cpp.obj)
                0x0000000003805a7c                vex::drivetrain::~drivetrain()
 .text._ZN3vex10drivetrain8isMovingEv
                0x0000000003805a98       0x24 /Users/Millie/Library/Application Support/Code/User/globalStorage/vexrobotics.vexcode/sdk/cpp/V5/V5_20240802_15_00_00/vexv5/libv5rt.a(vex_drivetrain.cpp.obj)
                0x0000000003805a98                vex::drivetrain::isMoving()
 .text._ZN3vex10drivetrain16setDriveVelocityEdNS_13velocityUnitsE
                0x0000000003805abc       0x48 /Users/Millie/Library/Application Support/Code/User/globalStorage/vexrobotics.vexcode/sdk/cpp/V5/V5_20240802_15_00_00/vexv5/libv5rt.a(vex_drivetrain.cpp.obj)
                0x0000000003805abc                vex::drivetrain::setDriveVelocity(double, vex::velocityUnits)
 *fill*         0x0000000003805b04        0x4 
 .text._ZN3vex10drivetrain12setGearRatioEd
                0x0000000003805b08       0x54 /Users/Millie/Library/Application Support/Code/User/globalStorage/vexrobotics.vexcode/sdk/cpp/V5/V5_20240802_15_00_00/vexv5/libv5rt.a(vex_drivetrain.cpp.obj)
                0x0000000003805b08                vex::drivetrain::setGearRatio(double)
 .text._ZN3vex10drivetrain4turnENS_8turnTypeE
                0x0000000003805b5c       0x50 /Users/Millie/Library/Application Support/Code/User/globalStorage/vexrobotics.vexcode/sdk/cpp/V5/V5_20240802_15_00_00/vexv5/libv5rt.a(vex_drivetrain.cpp.obj)
                0x0000000003805b5c                vex::drivetrain::turn(vex::turnType)
 .text._ZN3vex10drivetrain15setTurnVelocityEdNS_13velocityUnitsE
                0x0000000003805bac       0x28 /Users/Millie/Library/Application Support/Code/User/globalStorage/vexrobotics.vexcode/sdk/cpp/V5/V5_20240802_15_00_00/vexv5/libv5rt.a(vex_drivetrain.cpp.obj)
                0x0000000003805bac                vex::drivetrain::setTurnVelocity(double, vex::velocityUnits)
 .text._ZN3vex10drivetrain6isDoneEv
                0x0000000003805bd4       0x14 /Users/Millie/Library/Application Support/Code/User/globalStorage/vexrobotics.vexcode/sdk/cpp/V5/V5_20240802_15_00_00/vexv5/libv5rt.a(vex_drivetrain.cpp.obj)
                0x0000000003805bd4                vex::drivetrain::isDone()
 .text._ZN3vex10drivetrain4stopEv
                0x0000000003805be8       0x24 /Users/Millie/Library/Application Support/Code/User/globalStorage/vexrobotics.vexcode/sdk/cpp/V5/V5_20240802_15_00_00/vexv5/libv5rt.a(vex_drivetrain.cpp.obj)
                0x0000000003805be8                vex::drivetrain::stop()
 .text._ZN3vex10drivetrain21_waitForCompletionAllEv
                0x0000000003805c0c       0x80 /Users/Millie/Library/Application Support/Code/User/globalStorage/vexrobotics.vexcode/sdk/cpp/V5/V5_20240802_15_00_00/vexv5/libv5rt.a(vex_drivetrain.cpp.obj)
                0x0000000003805c0c                vex::drivetrain::_waitForCompletionAll()
 *fill*         0x0000000003805c8c        0x4 
 .text._ZN3vex10drivetrain12distanceToMmEdNS_13distanceUnitsE
                0x0000000003805c90       0x38 /Users/Millie/Library/Application Support/Code/User/globalStorage/vexrobotics.vexcode/sdk/cpp/V5/V5_20240802_15_00_00/vexv5/libv5rt.a(vex_drivetrain.cpp.obj)
                0x0000000003805c90                vex::drivetrain::distanceToMm(double, vex::distanceUnits)
 .text._ZN3vex10drivetrainC2ERNS_5motorES2_dddNS_13distanceUnitsEd
                0x0000000003805cc8      0x130 /Users/Millie/Library/Application Support/Code/User/globalStorage/vexrobotics.vexcode/sdk/cpp/V5/V5_20240802_15_00_00/vexv5/libv5rt.a(vex_drivetrain.cpp.obj)
                0x0000000003805cc8                vex::drivetrain::drivetrain(vex::motor&, vex::motor&, double, double, double, vex::distanceUnits, double)
                0x0000000003805cc8                vex::drivetrain::drivetrain(vex::motor&, vex::motor&, double, double, double, vex::distanceUnits, double)
 .text._ZN3vex10drivetrain14distanceToRevsEdNS_13distanceUnitsE
                0x0000000003805df8       0x34 /Users/Millie/Library/Application Support/Code/User/globalStorage/vexrobotics.vexcode/sdk/cpp/V5/V5_20240802_15_00_00/vexv5/libv5rt.a(vex_drivetrain.cpp.obj)
                0x0000000003805df8                vex::drivetrain::distanceToRevs(double, vex::distanceUnits)
 .text._ZN3vex10drivetrain8driveForENS_13directionTypeEdNS_13distanceUnitsEb
                0x0000000003805e2c       0x90 /Users/Millie/Library/Application Support/Code/User/globalStorage/vexrobotics.vexcode/sdk/cpp/V5/V5_20240802_15_00_00/vexv5/libv5rt.a(vex_drivetrain.cpp.obj)
                0x0000000003805e2c                vex::drivetrain::driveFor(vex::directionType, double, vex::distanceUnits, bool)
 .text._ZN3vex10drivetrain8driveForEdNS_13distanceUnitsEb
                0x0000000003805ebc       0x10 /Users/Millie/Library/Application Support/Code/User/globalStorage/vexrobotics.vexcode/sdk/cpp/V5/V5_20240802_15_00_00/vexv5/libv5rt.a(vex_drivetrain.cpp.obj)
                0x0000000003805ebc                vex::drivetrain::driveFor(double, vex::distanceUnits, bool)
 .text._ZN3vex10drivetrain8driveForENS_13directionTypeEdNS_13distanceUnitsEdNS_13velocityUnitsEb
                0x0000000003805ecc       0xc8 /Users/Millie/Library/Application Support/Code/User/globalStorage/vexrobotics.vexcode/sdk/cpp/V5/V5_20240802_15_00_00/vexv5/libv5rt.a(vex_drivetrain.cpp.obj)
                0x0000000003805ecc                vex::drivetrain::driveFor(vex::directionType, double, vex::distanceUnits, double, vex::velocityUnits, bool)
 .text._ZN3vex10drivetrain8driveForEdNS_13distanceUnitsEdNS_13velocityUnitsEb
                0x0000000003805f94       0x18 /Users/Millie/Library/Application Support/Code/User/globalStorage/vexrobotics.vexcode/sdk/cpp/V5/V5_20240802_15_00_00/vexv5/libv5rt.a(vex_drivetrain.cpp.obj)
                0x0000000003805f94                vex::drivetrain::driveFor(double, vex::distanceUnits, double, vex::velocityUnits, bool)
 *fill*         0x0000000003805fac        0x4 
 .text._ZN3vex10drivetrain11angleToRevsEdNS_13rotationUnitsE
                0x0000000003805fb0       0x98 /Users/Millie/Library/Application Support/Code/User/globalStorage/vexrobotics.vexcode/sdk/cpp/V5/V5_20240802_15_00_00/vexv5/libv5rt.a(vex_drivetrain.cpp.obj)
                0x0000000003805fb0                vex::drivetrain::angleToRevs(double, vex::rotationUnits)
 .text._ZN3vex10drivetrain7turnForENS_8turnTypeEdNS_13rotationUnitsEb
                0x0000000003806048       0xbc /Users/Millie/Library/Application Support/Code/User/globalStorage/vexrobotics.vexcode/sdk/cpp/V5/V5_20240802_15_00_00/vexv5/libv5rt.a(vex_drivetrain.cpp.obj)
                0x0000000003806048                vex::drivetrain::turnFor(vex::turnType, double, vex::rotationUnits, bool)
 .text._ZN3vex10drivetrain7turnForEdNS_13rotationUnitsEb
                0x0000000003806104       0x10 /Users/Millie/Library/Application Support/Code/User/globalStorage/vexrobotics.vexcode/sdk/cpp/V5/V5_20240802_15_00_00/vexv5/libv5rt.a(vex_drivetrain.cpp.obj)
                0x0000000003806104                vex::drivetrain::turnFor(double, vex::rotationUnits, bool)
 .text._ZN3vex10drivetrain7turnForENS_8turnTypeEdNS_13rotationUnitsEdNS_13velocityUnitsEb
                0x0000000003806114       0xd0 /Users/Millie/Library/Application Support/Code/User/globalStorage/vexrobotics.vexcode/sdk/cpp/V5/V5_20240802_15_00_00/vexv5/libv5rt.a(vex_drivetrain.cpp.obj)
                0x0000000003806114                vex::drivetrain::turnFor(vex::turnType, double, vex::rotationUnits, double, vex::velocityUnits, bool)
 .text._ZN3vex10drivetrain7turnForEdNS_13rotationUnitsEdNS_13velocityUnitsEb
                0x00000000038061e4       0x18 /Users/Millie/Library/Application Support/Code/User/globalStorage/vexrobotics.vexcode/sdk/cpp/V5/V5_20240802_15_00_00/vexv5/libv5rt.a(vex_drivetrain.cpp.obj)
                0x00000000038061e4                vex::drivetrain::turnFor(double, vex::rotationUnits, double, vex::velocityUnits, bool)
 .text.vexAdiPortConfigSet
                0x00000000038061fc       0x28 /Users/Millie/Library/Application Support/Code/User/globalStorage/vexrobotics.vexcode/sdk/cpp/V5/V5_20240802_15_00_00/vexv5/libv5rt.a(v5_apiuser.c.obj)
                0x00000000038061fc                vexAdiPortConfigSet
 .text.vexAdiPortConfigGet
                0x0000000003806224       0x28 /Users/Millie/Library/Application Support/Code/User/globalStorage/vexrobotics.vexcode/sdk/cpp/V5/V5_20240802_15_00_00/vexv5/libv5rt.a(v5_apiuser.c.obj)
                0x0000000003806224                vexAdiPortConfigGet
 .text.vexAdiValueGet
                0x000000000380624c       0x20 /Users/Millie/Library/Application Support/Code/User/globalStorage/vexrobotics.vexcode/sdk/cpp/V5/V5_20240802_15_00_00/vexv5/libv5rt.a(v5_apiuser.c.obj)
                0x000000000380624c                vexAdiValueGet
 .text.vexMotorVelocitySet
                0x000000000380626c       0x20 /Users/Millie/Library/Application Support/Code/User/globalStorage/vexrobotics.vexcode/sdk/cpp/V5/V5_20240802_15_00_00/vexv5/libv5rt.a(v5_apiuser.c.obj)
                0x000000000380626c                vexMotorVelocitySet
 .text.vexMotorVoltageSet